Archive member included to satisfy reference by file (symbol)

d:/programdata/intelfpga_lite/21.1/nios2eds/bin/gnu/h-x86_64-mingw32/bin/../lib/gcc/nios2-elf/10.3.1/mno-hw-mul\libgcc.a(_fixunssfsi.o)
                              obj/default/src/core_game/core_game.o (__fixunssfsi)
d:/programdata/intelfpga_lite/21.1/nios2eds/bin/gnu/h-x86_64-mingw32/bin/../lib/gcc/nios2-elf/10.3.1/mno-hw-mul\libgcc.a(lib2-divmod.o)
                              obj/default/src/core_io/core_io.o (__modsi3)
d:/programdata/intelfpga_lite/21.1/nios2eds/bin/gnu/h-x86_64-mingw32/bin/../lib/gcc/nios2-elf/10.3.1/mno-hw-mul\libgcc.a(lib2-mul.o)
                              obj/default/src/chrono/chrono.o (__mulsi3)
d:/programdata/intelfpga_lite/21.1/nios2eds/bin/gnu/h-x86_64-mingw32/bin/../lib/gcc/nios2-elf/10.3.1/mno-hw-mul\libgcc.a(addsf3.o)
                              obj/default/src/core_game/core_game.o (__addsf3)
d:/programdata/intelfpga_lite/21.1/nios2eds/bin/gnu/h-x86_64-mingw32/bin/../lib/gcc/nios2-elf/10.3.1/mno-hw-mul\libgcc.a(divsf3.o)
                              obj/default/src/core_game/core_game.o (__divsf3)
d:/programdata/intelfpga_lite/21.1/nios2eds/bin/gnu/h-x86_64-mingw32/bin/../lib/gcc/nios2-elf/10.3.1/mno-hw-mul\libgcc.a(gesf2.o)
                              obj/default/src/core_game/core_game.o (__gesf2)
d:/programdata/intelfpga_lite/21.1/nios2eds/bin/gnu/h-x86_64-mingw32/bin/../lib/gcc/nios2-elf/10.3.1/mno-hw-mul\libgcc.a(lesf2.o)
                              obj/default/src/core_game/core_game.o (__lesf2)
d:/programdata/intelfpga_lite/21.1/nios2eds/bin/gnu/h-x86_64-mingw32/bin/../lib/gcc/nios2-elf/10.3.1/mno-hw-mul\libgcc.a(mulsf3.o)
                              obj/default/src/core_game/core_game.o (__mulsf3)
d:/programdata/intelfpga_lite/21.1/nios2eds/bin/gnu/h-x86_64-mingw32/bin/../lib/gcc/nios2-elf/10.3.1/mno-hw-mul\libgcc.a(subsf3.o)
                              d:/programdata/intelfpga_lite/21.1/nios2eds/bin/gnu/h-x86_64-mingw32/bin/../lib/gcc/nios2-elf/10.3.1/mno-hw-mul\libgcc.a(_fixunssfsi.o) (__subsf3)
d:/programdata/intelfpga_lite/21.1/nios2eds/bin/gnu/h-x86_64-mingw32/bin/../lib/gcc/nios2-elf/10.3.1/mno-hw-mul\libgcc.a(fixsfsi.o)
                              d:/programdata/intelfpga_lite/21.1/nios2eds/bin/gnu/h-x86_64-mingw32/bin/../lib/gcc/nios2-elf/10.3.1/mno-hw-mul\libgcc.a(_fixunssfsi.o) (__fixsfsi)
d:/programdata/intelfpga_lite/21.1/nios2eds/bin/gnu/h-x86_64-mingw32/bin/../lib/gcc/nios2-elf/10.3.1/mno-hw-mul\libgcc.a(floatsisf.o)
                              obj/default/src/core_game/core_game.o (__floatsisf)
d:/programdata/intelfpga_lite/21.1/nios2eds/bin/gnu/h-x86_64-mingw32/bin/../lib/gcc/nios2-elf/10.3.1/mno-hw-mul\libgcc.a(_clzsi2.o)
                              d:/programdata/intelfpga_lite/21.1/nios2eds/bin/gnu/h-x86_64-mingw32/bin/../lib/gcc/nios2-elf/10.3.1/mno-hw-mul\libgcc.a(addsf3.o) (__clzsi2)
d:/programdata/intelfpga_lite/21.1/nios2eds/bin/gnu/h-x86_64-mingw32/bin/../lib/gcc/nios2-elf/10.3.1/mno-hw-mul\libgcc.a(_clz.o)
                              d:/programdata/intelfpga_lite/21.1/nios2eds/bin/gnu/h-x86_64-mingw32/bin/../lib/gcc/nios2-elf/10.3.1/mno-hw-mul\libgcc.a(_clzsi2.o) (__clz_tab)
d:/programdata/intelfpga_lite/21.1/nios2eds/bin/gnu/h-x86_64-mingw32/bin/../lib/gcc/nios2-elf/10.3.1/../../../../../H-x86_64-mingw32/nios2-elf/lib/mno-hw-mul\libsmallc.a(lib_a-memset.o)
                              obj/default/src/core_game/core_game.o (memset)
d:/programdata/intelfpga_lite/21.1/nios2eds/bin/gnu/h-x86_64-mingw32/bin/../lib/gcc/nios2-elf/10.3.1/../../../../../H-x86_64-mingw32/nios2-elf/lib/mno-hw-mul\libsmallc.a(lib_a-strlen.o)
                              obj/default/src/core_io/core_io.o (strlen)
e:/data/project/block_breaker/software/bb_core_bsp/\libhal_bsp.a(alt_load.o)
                              e:/data/project/block_breaker/software/bb_core_bsp//obj/HAL/src/crt0.o (alt_load)
e:/data/project/block_breaker/software/bb_core_bsp/\libhal_bsp.a(alt_main.o)
                              e:/data/project/block_breaker/software/bb_core_bsp//obj/HAL/src/crt0.o (alt_main)
e:/data/project/block_breaker/software/bb_core_bsp/\libhal_bsp.a(alt_printf.o)
                              obj/default/src/logging/logging.o (alt_printf)
e:/data/project/block_breaker/software/bb_core_bsp/\libhal_bsp.a(alt_putchar.o)
                              e:/data/project/block_breaker/software/bb_core_bsp/\libhal_bsp.a(alt_printf.o) (alt_putchar)
e:/data/project/block_breaker/software/bb_core_bsp/\libhal_bsp.a(alt_usleep.o)
                              obj/default/src/chrono/chrono.o (usleep)
e:/data/project/block_breaker/software/bb_core_bsp/\libhal_bsp.a(alt_sys_init.o)
                              e:/data/project/block_breaker/software/bb_core_bsp/\libhal_bsp.a(alt_main.o) (alt_irq_init)
e:/data/project/block_breaker/software/bb_core_bsp/\libhal_bsp.a(altera_avalon_jtag_uart_write.o)
                              e:/data/project/block_breaker/software/bb_core_bsp/\libhal_bsp.a(alt_putchar.o) (altera_avalon_jtag_uart_write)
e:/data/project/block_breaker/software/bb_core_bsp/\libhal_bsp.a(alt_busy_sleep.o)
                              e:/data/project/block_breaker/software/bb_core_bsp/\libhal_bsp.a(alt_usleep.o) (alt_busy_sleep)
e:/data/project/block_breaker/software/bb_core_bsp/\libhal_bsp.a(alt_dcache_flush_all.o)
                              e:/data/project/block_breaker/software/bb_core_bsp/\libhal_bsp.a(alt_load.o) (alt_dcache_flush_all)
e:/data/project/block_breaker/software/bb_core_bsp/\libhal_bsp.a(alt_icache_flush_all.o)
                              e:/data/project/block_breaker/software/bb_core_bsp/\libhal_bsp.a(alt_load.o) (alt_icache_flush_all)
e:/data/project/block_breaker/software/bb_core_bsp/\libhal_bsp.a(altera_nios2_gen2_irq.o)
                              e:/data/project/block_breaker/software/bb_core_bsp/\libhal_bsp.a(alt_sys_init.o) (altera_nios2_gen2_irq_init)
d:/programdata/intelfpga_lite/21.1/nios2eds/bin/gnu/h-x86_64-mingw32/bin/../lib/gcc/nios2-elf/10.3.1/../../../../../H-x86_64-mingw32/nios2-elf/lib/mno-hw-mul\libsmallc.a(lib_a-memcpy.o)
                              e:/data/project/block_breaker/software/bb_core_bsp/\libhal_bsp.a(alt_load.o) (memcpy)

Memory Configuration

Name             Origin             Length             Attributes
onchip_memory2_ram_BEFORE_EXCEPTION 0x0000000000010000 0x0000000000000020
onchip_memory2_ram 0x0000000000010020 0x0000000000007fe0
reset            0x0000000000018000 0x0000000000000020
onchip_memory2_rom 0x0000000000018020 0x0000000000007fe0
*default*        0x0000000000000000 0xffffffffffffffff

Linker script and memory map

LOAD e:/data/project/block_breaker/software/bb_core_bsp//obj/HAL/src/crt0.o
LOAD obj/default/src/chrono/chrono.o
LOAD obj/default/src/core_game/core_game.o
LOAD obj/default/src/core_io/core_io.o
LOAD obj/default/src/logging/logging.o
LOAD obj/default/src/main.o
LOAD d:/programdata/intelfpga_lite/21.1/nios2eds/bin/gnu/h-x86_64-mingw32/bin/../lib/gcc/nios2-elf/10.3.1/../../../../../H-x86_64-mingw32/nios2-elf/lib/mno-hw-mul\libstdc++.a
LOAD d:/programdata/intelfpga_lite/21.1/nios2eds/bin/gnu/h-x86_64-mingw32/bin/../lib/gcc/nios2-elf/10.3.1/../../../../../H-x86_64-mingw32/nios2-elf/lib/mno-hw-mul\libm.a
LOAD d:/programdata/intelfpga_lite/21.1/nios2eds/bin/gnu/h-x86_64-mingw32/bin/../lib/gcc/nios2-elf/10.3.1/mno-hw-mul\libgcc.a
START GROUP
LOAD d:/programdata/intelfpga_lite/21.1/nios2eds/bin/gnu/h-x86_64-mingw32/bin/../lib/gcc/nios2-elf/10.3.1/../../../../../H-x86_64-mingw32/nios2-elf/lib/mno-hw-mul\libsmallc.a
LOAD d:/programdata/intelfpga_lite/21.1/nios2eds/bin/gnu/h-x86_64-mingw32/bin/../lib/gcc/nios2-elf/10.3.1/mno-hw-mul\libgcc.a
LOAD e:/data/project/block_breaker/software/bb_core_bsp/\libhal_bsp.a
LOAD d:/programdata/intelfpga_lite/21.1/nios2eds/bin/gnu/h-x86_64-mingw32/bin/../lib/gcc/nios2-elf/10.3.1/../../../../../H-x86_64-mingw32/nios2-elf/lib/mno-hw-mul\libm.a
END GROUP
LOAD d:/programdata/intelfpga_lite/21.1/nios2eds/bin/gnu/h-x86_64-mingw32/bin/../lib/gcc/nios2-elf/10.3.1/mno-hw-mul\libgcc.a
                0x0000000000010000                __alt_mem_onchip_memory2_ram = 0x10000
                0x0000000000018000                __alt_mem_onchip_memory2_rom = 0x18000

.entry          0x0000000000018000       0x20
 *(.entry)
 .entry         0x0000000000018000       0x20 e:/data/project/block_breaker/software/bb_core_bsp//obj/HAL/src/crt0.o
                0x0000000000018000                __reset
                0x000000000001800c                _exit

.exceptions     0x0000000000010020        0x0
                0x0000000000010020                PROVIDE (__ram_exceptions_start = ABSOLUTE (.))
                0x0000000000010020                . = ALIGN (0x20)
 *(.irq)
 *(.exceptions.entry.label)
 *(.exceptions.entry.user)
 *(.exceptions.entry.ecc_fatal)
 *(.exceptions.entry)
 *(.exceptions.irqtest.user)
 *(.exceptions.irqtest)
 *(.exceptions.irqhandler.user)
 *(.exceptions.irqhandler)
 *(.exceptions.irqreturn.user)
 *(.exceptions.irqreturn)
 *(.exceptions.notirq.label)
 *(.exceptions.notirq.user)
 *(.exceptions.notirq)
 *(.exceptions.soft.user)
 *(.exceptions.soft)
 *(.exceptions.unknown.user)
 *(.exceptions.unknown)
 *(.exceptions.exit.label)
 *(.exceptions.exit.user)
 *(.exceptions.exit)
 *(.exceptions)
                0x0000000000010020                PROVIDE (__ram_exceptions_end = ABSOLUTE (.))
                0x0000000000010020                PROVIDE (__flash_exceptions_start = LOADADDR (.exceptions))

.text           0x0000000000010020     0x2c84
                [!provide]                        PROVIDE (stext = ABSOLUTE (.))
 *(.interp)
 *(.hash)
 *(.dynsym)
 *(.dynstr)
 *(.gnu.version)
 *(.gnu.version_d)
 *(.gnu.version_r)
 *(.rel.init)
 *(.rela.init)
 *(.rel.text .rel.text.* .rel.gnu.linkonce.t.*)
 *(.rela.text .rela.text.* .rela.gnu.linkonce.t.*)
 *(.rel.fini)
 *(.rela.fini)
 *(.rel.rodata .rel.rodata.* .rel.gnu.linkonce.r.*)
 *(.rela.rodata .rela.rodata.* .rela.gnu.linkonce.r.*)
 *(.rel.data .rel.data.* .rel.gnu.linkonce.d.*)
 *(.rela.data .rela.data.* .rela.gnu.linkonce.d.*)
 *(.rel.tdata .rel.tdata.* .rel.gnu.linkonce.td.*)
 *(.rela.tdata .rela.tdata.* .rela.gnu.linkonce.td.*)
 *(.rel.tbss .rel.tbss.* .rel.gnu.linkonce.tb.*)
 *(.rela.tbss .rela.tbss.* .rela.gnu.linkonce.tb.*)
 *(.rel.ctors)
 *(.rela.ctors)
 *(.rel.dtors)
 *(.rela.dtors)
 *(.rel.got)
 *(.rela.got)
 *(.rel.sdata .rel.sdata.* .rel.gnu.linkonce.s.*)
 *(.rela.sdata .rela.sdata.* .rela.gnu.linkonce.s.*)
 *(.rel.sbss .rel.sbss.* .rel.gnu.linkonce.sb.*)
 *(.rela.sbss .rela.sbss.* .rela.gnu.linkonce.sb.*)
 *(.rel.sdata2 .rel.sdata2.* .rel.gnu.linkonce.s2.*)
 *(.rela.sdata2 .rela.sdata2.* .rela.gnu.linkonce.s2.*)
 *(.rel.sbss2 .rel.sbss2.* .rel.gnu.linkonce.sb2.*)
 *(.rela.sbss2 .rela.sbss2.* .rela.gnu.linkonce.sb2.*)
 *(.rel.bss .rel.bss.* .rel.gnu.linkonce.b.*)
 *(.rela.bss .rela.bss.* .rela.gnu.linkonce.b.*)
 *(.rel.plt)
 *(.rela.plt)
 *(.rel.dyn)
 *(.init)
 *(.plt)
 *(.text .stub .text.* .gnu.linkonce.t.*)
 .text          0x0000000000010020       0x3c e:/data/project/block_breaker/software/bb_core_bsp//obj/HAL/src/crt0.o
                0x0000000000010020                _start
 .text          0x000000000001005c       0x24 obj/default/src/chrono/chrono.o
                0x000000000001005c                msleep
 .text          0x0000000000010080      0xbc0 obj/default/src/core_game/core_game.o
                0x00000000000102cc                cg_trigger_lose
                0x0000000000010378                cg_trigger_win
                0x00000000000103d0                cg_one_frame
                0x0000000000010670                cg_init
                0x000000000001081c                cg_handle_button
                0x0000000000010920                cg_main
 .text          0x0000000000010c40      0x5d4 obj/default/src/core_io/core_io.o
                0x0000000000010c40                ci_set_leds
                0x0000000000010c78                ci_is_button_down
                0x0000000000010c84                ci_on_button_left_down
                0x0000000000010cc4                ci_on_button_right_down
                0x0000000000010d04                ci_on_button_up_down
                0x0000000000010d44                ci_on_button_down_down
                0x0000000000010d84                seg_from_char
                0x0000000000010e10                ci_segs_event
                0x0000000000010e58                ci_segs_event_all
                0x0000000000010e98                ci_set_character
                0x0000000000010efc                ci_set_number
                0x0000000000010f90                ci_set_string
                0x000000000001107c                ci_rand
                0x00000000000110bc                reverse_bit
                0x0000000000011154                reverse_8bit
                0x0000000000011190                ci_set_block_data
                0x00000000000111e4                ci_set_ball_position
                0x00000000000111fc                ci_set_tray_position
 .text          0x0000000000011214       0x20 obj/default/src/logging/logging.o
                0x0000000000011214                log_error
                0x0000000000011224                log_info
 .text          0x0000000000011234        0x0 obj/default/src/main.o
 .text.startup  0x0000000000011234       0x34 obj/default/src/main.o
                0x0000000000011234                main
 .text          0x0000000000011268       0x60 d:/programdata/intelfpga_lite/21.1/nios2eds/bin/gnu/h-x86_64-mingw32/bin/../lib/gcc/nios2-elf/10.3.1/mno-hw-mul\libgcc.a(_fixunssfsi.o)
                0x0000000000011268                __fixunssfsi
 .text          0x00000000000112c8      0x1b4 d:/programdata/intelfpga_lite/21.1/nios2eds/bin/gnu/h-x86_64-mingw32/bin/../lib/gcc/nios2-elf/10.3.1/mno-hw-mul\libgcc.a(lib2-divmod.o)
                0x00000000000112c8                __divsi3
                0x0000000000011348                __modsi3
                0x00000000000113bc                __udivsi3
                0x0000000000011420                __umodsi3
 .text          0x000000000001147c       0x28 d:/programdata/intelfpga_lite/21.1/nios2eds/bin/gnu/h-x86_64-mingw32/bin/../lib/gcc/nios2-elf/10.3.1/mno-hw-mul\libgcc.a(lib2-mul.o)
                0x000000000001147c                __mulsi3
 .text          0x00000000000114a4      0x46c d:/programdata/intelfpga_lite/21.1/nios2eds/bin/gnu/h-x86_64-mingw32/bin/../lib/gcc/nios2-elf/10.3.1/mno-hw-mul\libgcc.a(addsf3.o)
                0x00000000000114a4                __addsf3
 .text          0x0000000000011910      0x3f8 d:/programdata/intelfpga_lite/21.1/nios2eds/bin/gnu/h-x86_64-mingw32/bin/../lib/gcc/nios2-elf/10.3.1/mno-hw-mul\libgcc.a(divsf3.o)
                0x0000000000011910                __divsf3
 .text          0x0000000000011d08       0xb8 d:/programdata/intelfpga_lite/21.1/nios2eds/bin/gnu/h-x86_64-mingw32/bin/../lib/gcc/nios2-elf/10.3.1/mno-hw-mul\libgcc.a(gesf2.o)
                0x0000000000011d08                __gesf2
                0x0000000000011d08                __gtsf2
 .text          0x0000000000011dc0       0xb4 d:/programdata/intelfpga_lite/21.1/nios2eds/bin/gnu/h-x86_64-mingw32/bin/../lib/gcc/nios2-elf/10.3.1/mno-hw-mul\libgcc.a(lesf2.o)
                0x0000000000011dc0                __ltsf2
                0x0000000000011dc0                __lesf2
 .text          0x0000000000011e74      0x400 d:/programdata/intelfpga_lite/21.1/nios2eds/bin/gnu/h-x86_64-mingw32/bin/../lib/gcc/nios2-elf/10.3.1/mno-hw-mul\libgcc.a(mulsf3.o)
                0x0000000000011e74                __mulsf3
 .text          0x0000000000012274      0x494 d:/programdata/intelfpga_lite/21.1/nios2eds/bin/gnu/h-x86_64-mingw32/bin/../lib/gcc/nios2-elf/10.3.1/mno-hw-mul\libgcc.a(subsf3.o)
                0x0000000000012274                __subsf3
 .text          0x0000000000012708       0x70 d:/programdata/intelfpga_lite/21.1/nios2eds/bin/gnu/h-x86_64-mingw32/bin/../lib/gcc/nios2-elf/10.3.1/mno-hw-mul\libgcc.a(fixsfsi.o)
                0x0000000000012708                __fixsfsi
 .text          0x0000000000012778      0x124 d:/programdata/intelfpga_lite/21.1/nios2eds/bin/gnu/h-x86_64-mingw32/bin/../lib/gcc/nios2-elf/10.3.1/mno-hw-mul\libgcc.a(floatsisf.o)
                0x0000000000012778                __floatsisf
 .text          0x000000000001289c       0x54 d:/programdata/intelfpga_lite/21.1/nios2eds/bin/gnu/h-x86_64-mingw32/bin/../lib/gcc/nios2-elf/10.3.1/mno-hw-mul\libgcc.a(_clzsi2.o)
                0x000000000001289c                __clzsi2
 .text          0x00000000000128f0        0x0 d:/programdata/intelfpga_lite/21.1/nios2eds/bin/gnu/h-x86_64-mingw32/bin/../lib/gcc/nios2-elf/10.3.1/mno-hw-mul\libgcc.a(_clz.o)
 .text          0x00000000000128f0        0x0 d:/programdata/intelfpga_lite/21.1/nios2eds/bin/gnu/h-x86_64-mingw32/bin/../lib/gcc/nios2-elf/10.3.1/../../../../../H-x86_64-mingw32/nios2-elf/lib/mno-hw-mul\libsmallc.a(lib_a-memset.o)
 .text.memset   0x00000000000128f0       0x20 d:/programdata/intelfpga_lite/21.1/nios2eds/bin/gnu/h-x86_64-mingw32/bin/../lib/gcc/nios2-elf/10.3.1/../../../../../H-x86_64-mingw32/nios2-elf/lib/mno-hw-mul\libsmallc.a(lib_a-memset.o)
                0x00000000000128f0                memset
 .text          0x0000000000012910        0x0 d:/programdata/intelfpga_lite/21.1/nios2eds/bin/gnu/h-x86_64-mingw32/bin/../lib/gcc/nios2-elf/10.3.1/../../../../../H-x86_64-mingw32/nios2-elf/lib/mno-hw-mul\libsmallc.a(lib_a-strlen.o)
 .text.strlen   0x0000000000012910       0x1c d:/programdata/intelfpga_lite/21.1/nios2eds/bin/gnu/h-x86_64-mingw32/bin/../lib/gcc/nios2-elf/10.3.1/../../../../../H-x86_64-mingw32/nios2-elf/lib/mno-hw-mul\libsmallc.a(lib_a-strlen.o)
                0x0000000000012910                strlen
 .text          0x000000000001292c       0x84 e:/data/project/block_breaker/software/bb_core_bsp/\libhal_bsp.a(alt_load.o)
                0x000000000001292c                alt_load
 .text          0x00000000000129b0       0x2c e:/data/project/block_breaker/software/bb_core_bsp/\libhal_bsp.a(alt_main.o)
                0x00000000000129b0                alt_main
 .text          0x00000000000129dc      0x140 e:/data/project/block_breaker/software/bb_core_bsp/\libhal_bsp.a(alt_printf.o)
                0x00000000000129dc                alt_printf
 .text          0x0000000000012b1c       0x4c e:/data/project/block_breaker/software/bb_core_bsp/\libhal_bsp.a(alt_putchar.o)
                0x0000000000012b1c                alt_putchar
 .text          0x0000000000012b68        0x4 e:/data/project/block_breaker/software/bb_core_bsp/\libhal_bsp.a(alt_usleep.o)
                0x0000000000012b68                usleep
 .text          0x0000000000012b6c       0x24 e:/data/project/block_breaker/software/bb_core_bsp/\libhal_bsp.a(alt_sys_init.o)
                0x0000000000012b6c                alt_irq_init
                0x0000000000012b8c                alt_sys_init
 .text          0x0000000000012b90       0x30 e:/data/project/block_breaker/software/bb_core_bsp/\libhal_bsp.a(altera_avalon_jtag_uart_write.o)
                0x0000000000012b90                altera_avalon_jtag_uart_write
 .text          0x0000000000012bc0       0xac e:/data/project/block_breaker/software/bb_core_bsp/\libhal_bsp.a(alt_busy_sleep.o)
                0x0000000000012bc0                alt_busy_sleep
 .text          0x0000000000012c6c        0x4 e:/data/project/block_breaker/software/bb_core_bsp/\libhal_bsp.a(alt_dcache_flush_all.o)
                0x0000000000012c6c                alt_dcache_flush_all
 .text          0x0000000000012c70        0x4 e:/data/project/block_breaker/software/bb_core_bsp/\libhal_bsp.a(alt_icache_flush_all.o)
                0x0000000000012c70                alt_icache_flush_all
 .text          0x0000000000012c74        0x8 e:/data/project/block_breaker/software/bb_core_bsp/\libhal_bsp.a(altera_nios2_gen2_irq.o)
                0x0000000000012c74                altera_nios2_gen2_irq_init
 .text          0x0000000000012c7c        0x0 d:/programdata/intelfpga_lite/21.1/nios2eds/bin/gnu/h-x86_64-mingw32/bin/../lib/gcc/nios2-elf/10.3.1/../../../../../H-x86_64-mingw32/nios2-elf/lib/mno-hw-mul\libsmallc.a(lib_a-memcpy.o)
 .text.memcpy   0x0000000000012c7c       0x28 d:/programdata/intelfpga_lite/21.1/nios2eds/bin/gnu/h-x86_64-mingw32/bin/../lib/gcc/nios2-elf/10.3.1/../../../../../H-x86_64-mingw32/nios2-elf/lib/mno-hw-mul\libsmallc.a(lib_a-memcpy.o)
                0x0000000000012c7c                memcpy
 *(.gnu.warning.*)
 *(.fini)
                [!provide]                        PROVIDE (__etext = ABSOLUTE (.))
                [!provide]                        PROVIDE (_etext = ABSOLUTE (.))
                [!provide]                        PROVIDE (etext = ABSOLUTE (.))
 *(.eh_frame_hdr)
                0x0000000000012ca4                . = ALIGN (0x4)
                [!provide]                        PROVIDE (__preinit_array_start = ABSOLUTE (.))
 *(.preinit_array)
                [!provide]                        PROVIDE (__preinit_array_end = ABSOLUTE (.))
                [!provide]                        PROVIDE (__init_array_start = ABSOLUTE (.))
 *(.init_array)
                [!provide]                        PROVIDE (__init_array_end = ABSOLUTE (.))
                [!provide]                        PROVIDE (__fini_array_start = ABSOLUTE (.))
 *(.fini_array)
                [!provide]                        PROVIDE (__fini_array_end = ABSOLUTE (.))
 *(.eh_frame)
 *(.gcc_except_table .gcc_except_table.*)
 *(.dynamic)
                [!provide]                        PROVIDE (__CTOR_LIST__ = ABSOLUTE (.))
 *(.ctors)
 *(SORT_BY_NAME(.ctors.*))
                [!provide]                        PROVIDE (__CTOR_END__ = ABSOLUTE (.))
                [!provide]                        PROVIDE (__DTOR_LIST__ = ABSOLUTE (.))
 *(.dtors)
 *(SORT_BY_NAME(.dtors.*))
                [!provide]                        PROVIDE (__DTOR_END__ = ABSOLUTE (.))
 *(.jcr)
                0x0000000000012ca4                . = ALIGN (0x4)

.rodata         0x0000000000012ca4      0x224
                0x0000000000012ca4                PROVIDE (__ram_rodata_start = ABSOLUTE (.))
                0x0000000000012ca4                . = ALIGN (0x4)
 *(.rodata .rodata.* .gnu.linkonce.r.*)
 .rodata.str1.4
                0x0000000000012ca4       0x99 obj/default/src/core_game/core_game.o
                                         0x9d (size before relaxing)
 *fill*         0x0000000000012d3d        0x3 
 .rodata        0x0000000000012d40       0x18 obj/default/src/core_io/core_io.o
 .rodata.str1.4
                0x0000000000012d58       0x17 obj/default/src/logging/logging.o
 *fill*         0x0000000000012d6f        0x1 
 .rodata.str1.4
                0x0000000000012d70       0x58 obj/default/src/main.o
 .rodata        0x0000000000012dc8      0x100 d:/programdata/intelfpga_lite/21.1/nios2eds/bin/gnu/h-x86_64-mingw32/bin/../lib/gcc/nios2-elf/10.3.1/mno-hw-mul\libgcc.a(_clz.o)
                0x0000000000012dc8                __clz_tab
 *(.rodata1)
                0x0000000000012ec8                . = ALIGN (0x4)
                0x0000000000012ec8                PROVIDE (__ram_rodata_end = ABSOLUTE (.))
                0x0000000000012ca4                PROVIDE (__flash_rodata_start = LOADADDR (.rodata))

.rwdata         0x0000000000012ec8       0x30 load address 0x0000000000012ef8
                0x0000000000012ec8                PROVIDE (__ram_rwdata_start = ABSOLUTE (.))
                0x0000000000012ec8                . = ALIGN (0x4)
 *(.got.plt)
 *(.got)
 *(.data1)
 *(.data .data.* .gnu.linkonce.d.*)
 .data          0x0000000000012ec8        0x0 e:/data/project/block_breaker/software/bb_core_bsp//obj/HAL/src/crt0.o
 .data          0x0000000000012ec8        0x0 obj/default/src/chrono/chrono.o
 .data          0x0000000000012ec8        0x0 obj/default/src/core_game/core_game.o
 .data          0x0000000000012ec8       0x24 obj/default/src/core_io/core_io.o
                0x0000000000012ec8                g_seg_segments
 .data          0x0000000000012eec        0x0 obj/default/src/logging/logging.o
 .data          0x0000000000012eec        0x0 obj/default/src/main.o
 .data          0x0000000000012eec        0x0 d:/programdata/intelfpga_lite/21.1/nios2eds/bin/gnu/h-x86_64-mingw32/bin/../lib/gcc/nios2-elf/10.3.1/mno-hw-mul\libgcc.a(_fixunssfsi.o)
 .data          0x0000000000012eec        0x0 d:/programdata/intelfpga_lite/21.1/nios2eds/bin/gnu/h-x86_64-mingw32/bin/../lib/gcc/nios2-elf/10.3.1/mno-hw-mul\libgcc.a(lib2-divmod.o)
 .data          0x0000000000012eec        0x0 d:/programdata/intelfpga_lite/21.1/nios2eds/bin/gnu/h-x86_64-mingw32/bin/../lib/gcc/nios2-elf/10.3.1/mno-hw-mul\libgcc.a(lib2-mul.o)
 .data          0x0000000000012eec        0x0 d:/programdata/intelfpga_lite/21.1/nios2eds/bin/gnu/h-x86_64-mingw32/bin/../lib/gcc/nios2-elf/10.3.1/mno-hw-mul\libgcc.a(addsf3.o)
 .data          0x0000000000012eec        0x0 d:/programdata/intelfpga_lite/21.1/nios2eds/bin/gnu/h-x86_64-mingw32/bin/../lib/gcc/nios2-elf/10.3.1/mno-hw-mul\libgcc.a(divsf3.o)
 .data          0x0000000000012eec        0x0 d:/programdata/intelfpga_lite/21.1/nios2eds/bin/gnu/h-x86_64-mingw32/bin/../lib/gcc/nios2-elf/10.3.1/mno-hw-mul\libgcc.a(gesf2.o)
 .data          0x0000000000012eec        0x0 d:/programdata/intelfpga_lite/21.1/nios2eds/bin/gnu/h-x86_64-mingw32/bin/../lib/gcc/nios2-elf/10.3.1/mno-hw-mul\libgcc.a(lesf2.o)
 .data          0x0000000000012eec        0x0 d:/programdata/intelfpga_lite/21.1/nios2eds/bin/gnu/h-x86_64-mingw32/bin/../lib/gcc/nios2-elf/10.3.1/mno-hw-mul\libgcc.a(mulsf3.o)
 .data          0x0000000000012eec        0x0 d:/programdata/intelfpga_lite/21.1/nios2eds/bin/gnu/h-x86_64-mingw32/bin/../lib/gcc/nios2-elf/10.3.1/mno-hw-mul\libgcc.a(subsf3.o)
 .data          0x0000000000012eec        0x0 d:/programdata/intelfpga_lite/21.1/nios2eds/bin/gnu/h-x86_64-mingw32/bin/../lib/gcc/nios2-elf/10.3.1/mno-hw-mul\libgcc.a(fixsfsi.o)
 .data          0x0000000000012eec        0x0 d:/programdata/intelfpga_lite/21.1/nios2eds/bin/gnu/h-x86_64-mingw32/bin/../lib/gcc/nios2-elf/10.3.1/mno-hw-mul\libgcc.a(floatsisf.o)
 .data          0x0000000000012eec        0x0 d:/programdata/intelfpga_lite/21.1/nios2eds/bin/gnu/h-x86_64-mingw32/bin/../lib/gcc/nios2-elf/10.3.1/mno-hw-mul\libgcc.a(_clzsi2.o)
 .data          0x0000000000012eec        0x0 d:/programdata/intelfpga_lite/21.1/nios2eds/bin/gnu/h-x86_64-mingw32/bin/../lib/gcc/nios2-elf/10.3.1/mno-hw-mul\libgcc.a(_clz.o)
 .data          0x0000000000012eec        0x0 d:/programdata/intelfpga_lite/21.1/nios2eds/bin/gnu/h-x86_64-mingw32/bin/../lib/gcc/nios2-elf/10.3.1/../../../../../H-x86_64-mingw32/nios2-elf/lib/mno-hw-mul\libsmallc.a(lib_a-memset.o)
 .data          0x0000000000012eec        0x0 d:/programdata/intelfpga_lite/21.1/nios2eds/bin/gnu/h-x86_64-mingw32/bin/../lib/gcc/nios2-elf/10.3.1/../../../../../H-x86_64-mingw32/nios2-elf/lib/mno-hw-mul\libsmallc.a(lib_a-strlen.o)
 .data          0x0000000000012eec        0x0 e:/data/project/block_breaker/software/bb_core_bsp/\libhal_bsp.a(alt_load.o)
 .data          0x0000000000012eec        0x0 e:/data/project/block_breaker/software/bb_core_bsp/\libhal_bsp.a(alt_main.o)
 .data          0x0000000000012eec        0x0 e:/data/project/block_breaker/software/bb_core_bsp/\libhal_bsp.a(alt_printf.o)
 .data          0x0000000000012eec        0x0 e:/data/project/block_breaker/software/bb_core_bsp/\libhal_bsp.a(alt_putchar.o)
 .data          0x0000000000012eec        0x0 e:/data/project/block_breaker/software/bb_core_bsp/\libhal_bsp.a(alt_usleep.o)
 .data          0x0000000000012eec        0x0 e:/data/project/block_breaker/software/bb_core_bsp/\libhal_bsp.a(alt_sys_init.o)
 .data          0x0000000000012eec        0x0 e:/data/project/block_breaker/software/bb_core_bsp/\libhal_bsp.a(altera_avalon_jtag_uart_write.o)
 .data          0x0000000000012eec        0x0 e:/data/project/block_breaker/software/bb_core_bsp/\libhal_bsp.a(alt_busy_sleep.o)
 .data          0x0000000000012eec        0x0 e:/data/project/block_breaker/software/bb_core_bsp/\libhal_bsp.a(alt_dcache_flush_all.o)
 .data          0x0000000000012eec        0x0 e:/data/project/block_breaker/software/bb_core_bsp/\libhal_bsp.a(alt_icache_flush_all.o)
 .data          0x0000000000012eec        0x0 e:/data/project/block_breaker/software/bb_core_bsp/\libhal_bsp.a(altera_nios2_gen2_irq.o)
 .data          0x0000000000012eec        0x0 d:/programdata/intelfpga_lite/21.1/nios2eds/bin/gnu/h-x86_64-mingw32/bin/../lib/gcc/nios2-elf/10.3.1/../../../../../H-x86_64-mingw32/nios2-elf/lib/mno-hw-mul\libsmallc.a(lib_a-memcpy.o)
                0x000000000001aeec                _gp = ABSOLUTE ((. + 0x8000))
                [!provide]                        PROVIDE (gp = _gp)
 *(.rwdata .rwdata.*)
 *(.sdata .sdata.* .gnu.linkonce.s.*)
 .sdata         0x0000000000012eec        0x6 obj/default/src/core_io/core_io.o
 *fill*         0x0000000000012ef2        0x2 
 .sdata         0x0000000000012ef4        0x4 e:/data/project/block_breaker/software/bb_core_bsp/\libhal_bsp.a(alt_sys_init.o)
                0x0000000000012ef4                jtag_uart_0
 *(.sdata2 .sdata2.* .gnu.linkonce.s2.*)
                0x0000000000012ef8                . = ALIGN (0x4)
                0x0000000000012ef8                _edata = ABSOLUTE (.)
                [!provide]                        PROVIDE (edata = ABSOLUTE (.))
                0x0000000000012ef8                PROVIDE (__ram_rwdata_end = ABSOLUTE (.))
                0x0000000000012ef8                PROVIDE (__flash_rwdata_start = LOADADDR (.rwdata))

.bss            0x0000000000012f28       0x78
                0x0000000000012f28                __bss_start = ABSOLUTE (.)
                [!provide]                        PROVIDE (__sbss_start = ABSOLUTE (.))
                [!provide]                        PROVIDE (___sbss_start = ABSOLUTE (.))
 *(.dynsbss)
 *(.sbss .sbss.* .gnu.linkonce.sb.*)
 .sbss          0x0000000000012f28       0x4c obj/default/src/core_game/core_game.o
                0x0000000000012f58                g_dy
                0x0000000000012f5c                g_dx
                0x0000000000012f60                g_ball_y
                0x0000000000012f64                g_ball_x
                0x0000000000012f68                g_level
                0x0000000000012f69                g_score
                0x0000000000012f6a                g_tray_len
                0x0000000000012f6c                g_tray_pos
                0x0000000000012f70                g_game_state
 .sbss          0x0000000000012f74       0x14 obj/default/src/core_io/core_io.o
 .sbss          0x0000000000012f88        0xc e:/data/project/block_breaker/software/bb_core_bsp/\libhal_bsp.a(alt_main.o)
                0x0000000000012f88                alt_envp
                0x0000000000012f8c                alt_argv
                0x0000000000012f90                alt_argc
 *(.sbss2 .sbss2.* .gnu.linkonce.sb2.*)
 *(.scommon)
                [!provide]                        PROVIDE (__sbss_end = ABSOLUTE (.))
                [!provide]                        PROVIDE (___sbss_end = ABSOLUTE (.))
 *(.dynbss)
 *(.bss .bss.* .gnu.linkonce.b.*)
 .bss           0x0000000000012f94        0x0 e:/data/project/block_breaker/software/bb_core_bsp//obj/HAL/src/crt0.o
 .bss           0x0000000000012f94        0x0 obj/default/src/chrono/chrono.o
 .bss           0x0000000000012f94        0x9 obj/default/src/core_game/core_game.o
                0x0000000000012f94                g_block_data
 .bss           0x0000000000012f9d        0x0 obj/default/src/core_io/core_io.o
 .bss           0x0000000000012f9d        0x0 obj/default/src/logging/logging.o
 .bss           0x0000000000012f9d        0x0 obj/default/src/main.o
 .bss           0x0000000000012f9d        0x0 d:/programdata/intelfpga_lite/21.1/nios2eds/bin/gnu/h-x86_64-mingw32/bin/../lib/gcc/nios2-elf/10.3.1/mno-hw-mul\libgcc.a(_fixunssfsi.o)
 .bss           0x0000000000012f9d        0x0 d:/programdata/intelfpga_lite/21.1/nios2eds/bin/gnu/h-x86_64-mingw32/bin/../lib/gcc/nios2-elf/10.3.1/mno-hw-mul\libgcc.a(lib2-divmod.o)
 .bss           0x0000000000012f9d        0x0 d:/programdata/intelfpga_lite/21.1/nios2eds/bin/gnu/h-x86_64-mingw32/bin/../lib/gcc/nios2-elf/10.3.1/mno-hw-mul\libgcc.a(lib2-mul.o)
 .bss           0x0000000000012f9d        0x0 d:/programdata/intelfpga_lite/21.1/nios2eds/bin/gnu/h-x86_64-mingw32/bin/../lib/gcc/nios2-elf/10.3.1/mno-hw-mul\libgcc.a(addsf3.o)
 .bss           0x0000000000012f9d        0x0 d:/programdata/intelfpga_lite/21.1/nios2eds/bin/gnu/h-x86_64-mingw32/bin/../lib/gcc/nios2-elf/10.3.1/mno-hw-mul\libgcc.a(divsf3.o)
 .bss           0x0000000000012f9d        0x0 d:/programdata/intelfpga_lite/21.1/nios2eds/bin/gnu/h-x86_64-mingw32/bin/../lib/gcc/nios2-elf/10.3.1/mno-hw-mul\libgcc.a(gesf2.o)
 .bss           0x0000000000012f9d        0x0 d:/programdata/intelfpga_lite/21.1/nios2eds/bin/gnu/h-x86_64-mingw32/bin/../lib/gcc/nios2-elf/10.3.1/mno-hw-mul\libgcc.a(lesf2.o)
 .bss           0x0000000000012f9d        0x0 d:/programdata/intelfpga_lite/21.1/nios2eds/bin/gnu/h-x86_64-mingw32/bin/../lib/gcc/nios2-elf/10.3.1/mno-hw-mul\libgcc.a(mulsf3.o)
 .bss           0x0000000000012f9d        0x0 d:/programdata/intelfpga_lite/21.1/nios2eds/bin/gnu/h-x86_64-mingw32/bin/../lib/gcc/nios2-elf/10.3.1/mno-hw-mul\libgcc.a(subsf3.o)
 .bss           0x0000000000012f9d        0x0 d:/programdata/intelfpga_lite/21.1/nios2eds/bin/gnu/h-x86_64-mingw32/bin/../lib/gcc/nios2-elf/10.3.1/mno-hw-mul\libgcc.a(fixsfsi.o)
 .bss           0x0000000000012f9d        0x0 d:/programdata/intelfpga_lite/21.1/nios2eds/bin/gnu/h-x86_64-mingw32/bin/../lib/gcc/nios2-elf/10.3.1/mno-hw-mul\libgcc.a(floatsisf.o)
 .bss           0x0000000000012f9d        0x0 d:/programdata/intelfpga_lite/21.1/nios2eds/bin/gnu/h-x86_64-mingw32/bin/../lib/gcc/nios2-elf/10.3.1/mno-hw-mul\libgcc.a(_clzsi2.o)
 .bss           0x0000000000012f9d        0x0 d:/programdata/intelfpga_lite/21.1/nios2eds/bin/gnu/h-x86_64-mingw32/bin/../lib/gcc/nios2-elf/10.3.1/mno-hw-mul\libgcc.a(_clz.o)
 .bss           0x0000000000012f9d        0x0 d:/programdata/intelfpga_lite/21.1/nios2eds/bin/gnu/h-x86_64-mingw32/bin/../lib/gcc/nios2-elf/10.3.1/../../../../../H-x86_64-mingw32/nios2-elf/lib/mno-hw-mul\libsmallc.a(lib_a-memset.o)
 .bss           0x0000000000012f9d        0x0 d:/programdata/intelfpga_lite/21.1/nios2eds/bin/gnu/h-x86_64-mingw32/bin/../lib/gcc/nios2-elf/10.3.1/../../../../../H-x86_64-mingw32/nios2-elf/lib/mno-hw-mul\libsmallc.a(lib_a-strlen.o)
 .bss           0x0000000000012f9d        0x0 e:/data/project/block_breaker/software/bb_core_bsp/\libhal_bsp.a(alt_load.o)
 .bss           0x0000000000012f9d        0x0 e:/data/project/block_breaker/software/bb_core_bsp/\libhal_bsp.a(alt_main.o)
 .bss           0x0000000000012f9d        0x0 e:/data/project/block_breaker/software/bb_core_bsp/\libhal_bsp.a(alt_printf.o)
 .bss           0x0000000000012f9d        0x0 e:/data/project/block_breaker/software/bb_core_bsp/\libhal_bsp.a(alt_putchar.o)
 .bss           0x0000000000012f9d        0x0 e:/data/project/block_breaker/software/bb_core_bsp/\libhal_bsp.a(alt_usleep.o)
 .bss           0x0000000000012f9d        0x0 e:/data/project/block_breaker/software/bb_core_bsp/\libhal_bsp.a(alt_sys_init.o)
 .bss           0x0000000000012f9d        0x0 e:/data/project/block_breaker/software/bb_core_bsp/\libhal_bsp.a(altera_avalon_jtag_uart_write.o)
 .bss           0x0000000000012f9d        0x0 e:/data/project/block_breaker/software/bb_core_bsp/\libhal_bsp.a(alt_busy_sleep.o)
 .bss           0x0000000000012f9d        0x0 e:/data/project/block_breaker/software/bb_core_bsp/\libhal_bsp.a(alt_dcache_flush_all.o)
 .bss           0x0000000000012f9d        0x0 e:/data/project/block_breaker/software/bb_core_bsp/\libhal_bsp.a(alt_icache_flush_all.o)
 .bss           0x0000000000012f9d        0x0 e:/data/project/block_breaker/software/bb_core_bsp/\libhal_bsp.a(altera_nios2_gen2_irq.o)
 .bss           0x0000000000012f9d        0x0 d:/programdata/intelfpga_lite/21.1/nios2eds/bin/gnu/h-x86_64-mingw32/bin/../lib/gcc/nios2-elf/10.3.1/../../../../../H-x86_64-mingw32/nios2-elf/lib/mno-hw-mul\libsmallc.a(lib_a-memcpy.o)
 *(COMMON)
                0x0000000000012fa0                . = ALIGN (0x4)
 *fill*         0x0000000000012f9d        0x3 
                0x0000000000012fa0                __bss_end = ABSOLUTE (.)

.onchip_memory2_ram
                0x0000000000012fa0        0x0
                [!provide]                        PROVIDE (_alt_partition_onchip_memory2_ram_start = ABSOLUTE (.))
 *(.onchip_memory2_ram .onchip_memory2_ram. onchip_memory2_ram.*)
                0x0000000000012fa0                . = ALIGN (0x4)
                [!provide]                        PROVIDE (_alt_partition_onchip_memory2_ram_end = ABSOLUTE (.))
                0x0000000000012fa0                _end = ABSOLUTE (.)
                0x0000000000012fa0                end = ABSOLUTE (.)
                0x0000000000012fa0                __alt_stack_base = ABSOLUTE (.)
                [!provide]                        PROVIDE (_alt_partition_onchip_memory2_ram_load_addr = LOADADDR (.onchip_memory2_ram))

.onchip_memory2_rom
                0x0000000000018020        0x0 load address 0x0000000000012fa0
                [!provide]                        PROVIDE (_alt_partition_onchip_memory2_rom_start = ABSOLUTE (.))
 *(.onchip_memory2_rom .onchip_memory2_rom. onchip_memory2_rom.*)
                0x0000000000018020                . = ALIGN (0x4)
                [!provide]                        PROVIDE (_alt_partition_onchip_memory2_rom_end = ABSOLUTE (.))
                [!provide]                        PROVIDE (_alt_partition_onchip_memory2_rom_load_addr = LOADADDR (.onchip_memory2_rom))

.stab
 *(.stab)

.stabstr
 *(.stabstr)

.stab.excl
 *(.stab.excl)

.stab.exclstr
 *(.stab.exclstr)

.stab.index
 *(.stab.index)

.stab.indexstr
 *(.stab.indexstr)

.comment        0x0000000000000000       0x2d
 *(.comment)
 .comment       0x0000000000000000       0x2d obj/default/src/chrono/chrono.o
                                         0x2e (size before relaxing)
 .comment       0x000000000000002d       0x2e obj/default/src/core_game/core_game.o
 .comment       0x000000000000002d       0x2e obj/default/src/core_io/core_io.o
 .comment       0x000000000000002d       0x2e obj/default/src/logging/logging.o
 .comment       0x000000000000002d       0x2e obj/default/src/main.o
 .comment       0x000000000000002d       0x2e d:/programdata/intelfpga_lite/21.1/nios2eds/bin/gnu/h-x86_64-mingw32/bin/../lib/gcc/nios2-elf/10.3.1/mno-hw-mul\libgcc.a(_fixunssfsi.o)
 .comment       0x000000000000002d       0x2e d:/programdata/intelfpga_lite/21.1/nios2eds/bin/gnu/h-x86_64-mingw32/bin/../lib/gcc/nios2-elf/10.3.1/mno-hw-mul\libgcc.a(lib2-divmod.o)
 .comment       0x000000000000002d       0x2e d:/programdata/intelfpga_lite/21.1/nios2eds/bin/gnu/h-x86_64-mingw32/bin/../lib/gcc/nios2-elf/10.3.1/mno-hw-mul\libgcc.a(lib2-mul.o)
 .comment       0x000000000000002d       0x2e d:/programdata/intelfpga_lite/21.1/nios2eds/bin/gnu/h-x86_64-mingw32/bin/../lib/gcc/nios2-elf/10.3.1/mno-hw-mul\libgcc.a(addsf3.o)
 .comment       0x000000000000002d       0x2e d:/programdata/intelfpga_lite/21.1/nios2eds/bin/gnu/h-x86_64-mingw32/bin/../lib/gcc/nios2-elf/10.3.1/mno-hw-mul\libgcc.a(divsf3.o)
 .comment       0x000000000000002d       0x2e d:/programdata/intelfpga_lite/21.1/nios2eds/bin/gnu/h-x86_64-mingw32/bin/../lib/gcc/nios2-elf/10.3.1/mno-hw-mul\libgcc.a(gesf2.o)
 .comment       0x000000000000002d       0x2e d:/programdata/intelfpga_lite/21.1/nios2eds/bin/gnu/h-x86_64-mingw32/bin/../lib/gcc/nios2-elf/10.3.1/mno-hw-mul\libgcc.a(lesf2.o)
 .comment       0x000000000000002d       0x2e d:/programdata/intelfpga_lite/21.1/nios2eds/bin/gnu/h-x86_64-mingw32/bin/../lib/gcc/nios2-elf/10.3.1/mno-hw-mul\libgcc.a(mulsf3.o)
 .comment       0x000000000000002d       0x2e d:/programdata/intelfpga_lite/21.1/nios2eds/bin/gnu/h-x86_64-mingw32/bin/../lib/gcc/nios2-elf/10.3.1/mno-hw-mul\libgcc.a(subsf3.o)
 .comment       0x000000000000002d       0x2e d:/programdata/intelfpga_lite/21.1/nios2eds/bin/gnu/h-x86_64-mingw32/bin/../lib/gcc/nios2-elf/10.3.1/mno-hw-mul\libgcc.a(fixsfsi.o)
 .comment       0x000000000000002d       0x2e d:/programdata/intelfpga_lite/21.1/nios2eds/bin/gnu/h-x86_64-mingw32/bin/../lib/gcc/nios2-elf/10.3.1/mno-hw-mul\libgcc.a(floatsisf.o)
 .comment       0x000000000000002d       0x2e d:/programdata/intelfpga_lite/21.1/nios2eds/bin/gnu/h-x86_64-mingw32/bin/../lib/gcc/nios2-elf/10.3.1/mno-hw-mul\libgcc.a(_clzsi2.o)
 .comment       0x000000000000002d       0x2e d:/programdata/intelfpga_lite/21.1/nios2eds/bin/gnu/h-x86_64-mingw32/bin/../lib/gcc/nios2-elf/10.3.1/mno-hw-mul\libgcc.a(_clz.o)
 .comment       0x000000000000002d       0x2e d:/programdata/intelfpga_lite/21.1/nios2eds/bin/gnu/h-x86_64-mingw32/bin/../lib/gcc/nios2-elf/10.3.1/../../../../../H-x86_64-mingw32/nios2-elf/lib/mno-hw-mul\libsmallc.a(lib_a-memset.o)
 .comment       0x000000000000002d       0x2e d:/programdata/intelfpga_lite/21.1/nios2eds/bin/gnu/h-x86_64-mingw32/bin/../lib/gcc/nios2-elf/10.3.1/../../../../../H-x86_64-mingw32/nios2-elf/lib/mno-hw-mul\libsmallc.a(lib_a-strlen.o)
 .comment       0x000000000000002d       0x2e e:/data/project/block_breaker/software/bb_core_bsp/\libhal_bsp.a(alt_load.o)
 .comment       0x000000000000002d       0x2e e:/data/project/block_breaker/software/bb_core_bsp/\libhal_bsp.a(alt_main.o)
 .comment       0x000000000000002d       0x2e e:/data/project/block_breaker/software/bb_core_bsp/\libhal_bsp.a(alt_printf.o)
 .comment       0x000000000000002d       0x2e e:/data/project/block_breaker/software/bb_core_bsp/\libhal_bsp.a(alt_putchar.o)
 .comment       0x000000000000002d       0x2e e:/data/project/block_breaker/software/bb_core_bsp/\libhal_bsp.a(alt_usleep.o)
 .comment       0x000000000000002d       0x2e e:/data/project/block_breaker/software/bb_core_bsp/\libhal_bsp.a(alt_sys_init.o)
 .comment       0x000000000000002d       0x2e e:/data/project/block_breaker/software/bb_core_bsp/\libhal_bsp.a(altera_avalon_jtag_uart_write.o)
 .comment       0x000000000000002d       0x2e e:/data/project/block_breaker/software/bb_core_bsp/\libhal_bsp.a(alt_busy_sleep.o)
 .comment       0x000000000000002d       0x2e e:/data/project/block_breaker/software/bb_core_bsp/\libhal_bsp.a(alt_dcache_flush_all.o)
 .comment       0x000000000000002d       0x2e e:/data/project/block_breaker/software/bb_core_bsp/\libhal_bsp.a(alt_icache_flush_all.o)
 .comment       0x000000000000002d       0x2e e:/data/project/block_breaker/software/bb_core_bsp/\libhal_bsp.a(altera_nios2_gen2_irq.o)
 .comment       0x000000000000002d       0x2e d:/programdata/intelfpga_lite/21.1/nios2eds/bin/gnu/h-x86_64-mingw32/bin/../lib/gcc/nios2-elf/10.3.1/../../../../../H-x86_64-mingw32/nios2-elf/lib/mno-hw-mul\libsmallc.a(lib_a-memcpy.o)

.debug
 *(.debug)

.line
 *(.line)

.debug_srcinfo
 *(.debug_srcinfo)

.debug_sfnames
 *(.debug_sfnames)

.debug_aranges  0x0000000000000000      0x420
 *(.debug_aranges)
 .debug_aranges
                0x0000000000000000       0x28 e:/data/project/block_breaker/software/bb_core_bsp//obj/HAL/src/crt0.o
 .debug_aranges
                0x0000000000000028       0x20 obj/default/src/chrono/chrono.o
 .debug_aranges
                0x0000000000000048       0x20 obj/default/src/core_game/core_game.o
 .debug_aranges
                0x0000000000000068       0x20 obj/default/src/core_io/core_io.o
 .debug_aranges
                0x0000000000000088       0x20 obj/default/src/logging/logging.o
 .debug_aranges
                0x00000000000000a8       0x20 obj/default/src/main.o
 .debug_aranges
                0x00000000000000c8       0x20 d:/programdata/intelfpga_lite/21.1/nios2eds/bin/gnu/h-x86_64-mingw32/bin/../lib/gcc/nios2-elf/10.3.1/mno-hw-mul\libgcc.a(_fixunssfsi.o)
 .debug_aranges
                0x00000000000000e8       0x20 d:/programdata/intelfpga_lite/21.1/nios2eds/bin/gnu/h-x86_64-mingw32/bin/../lib/gcc/nios2-elf/10.3.1/mno-hw-mul\libgcc.a(lib2-divmod.o)
 .debug_aranges
                0x0000000000000108       0x20 d:/programdata/intelfpga_lite/21.1/nios2eds/bin/gnu/h-x86_64-mingw32/bin/../lib/gcc/nios2-elf/10.3.1/mno-hw-mul\libgcc.a(lib2-mul.o)
 .debug_aranges
                0x0000000000000128       0x20 d:/programdata/intelfpga_lite/21.1/nios2eds/bin/gnu/h-x86_64-mingw32/bin/../lib/gcc/nios2-elf/10.3.1/mno-hw-mul\libgcc.a(addsf3.o)
 .debug_aranges
                0x0000000000000148       0x20 d:/programdata/intelfpga_lite/21.1/nios2eds/bin/gnu/h-x86_64-mingw32/bin/../lib/gcc/nios2-elf/10.3.1/mno-hw-mul\libgcc.a(divsf3.o)
 .debug_aranges
                0x0000000000000168       0x20 d:/programdata/intelfpga_lite/21.1/nios2eds/bin/gnu/h-x86_64-mingw32/bin/../lib/gcc/nios2-elf/10.3.1/mno-hw-mul\libgcc.a(gesf2.o)
 .debug_aranges
                0x0000000000000188       0x20 d:/programdata/intelfpga_lite/21.1/nios2eds/bin/gnu/h-x86_64-mingw32/bin/../lib/gcc/nios2-elf/10.3.1/mno-hw-mul\libgcc.a(lesf2.o)
 .debug_aranges
                0x00000000000001a8       0x20 d:/programdata/intelfpga_lite/21.1/nios2eds/bin/gnu/h-x86_64-mingw32/bin/../lib/gcc/nios2-elf/10.3.1/mno-hw-mul\libgcc.a(mulsf3.o)
 .debug_aranges
                0x00000000000001c8       0x20 d:/programdata/intelfpga_lite/21.1/nios2eds/bin/gnu/h-x86_64-mingw32/bin/../lib/gcc/nios2-elf/10.3.1/mno-hw-mul\libgcc.a(subsf3.o)
 .debug_aranges
                0x00000000000001e8       0x20 d:/programdata/intelfpga_lite/21.1/nios2eds/bin/gnu/h-x86_64-mingw32/bin/../lib/gcc/nios2-elf/10.3.1/mno-hw-mul\libgcc.a(fixsfsi.o)
 .debug_aranges
                0x0000000000000208       0x20 d:/programdata/intelfpga_lite/21.1/nios2eds/bin/gnu/h-x86_64-mingw32/bin/../lib/gcc/nios2-elf/10.3.1/mno-hw-mul\libgcc.a(floatsisf.o)
 .debug_aranges
                0x0000000000000228       0x20 d:/programdata/intelfpga_lite/21.1/nios2eds/bin/gnu/h-x86_64-mingw32/bin/../lib/gcc/nios2-elf/10.3.1/mno-hw-mul\libgcc.a(_clzsi2.o)
 .debug_aranges
                0x0000000000000248       0x18 d:/programdata/intelfpga_lite/21.1/nios2eds/bin/gnu/h-x86_64-mingw32/bin/../lib/gcc/nios2-elf/10.3.1/mno-hw-mul\libgcc.a(_clz.o)
 .debug_aranges
                0x0000000000000260       0x20 d:/programdata/intelfpga_lite/21.1/nios2eds/bin/gnu/h-x86_64-mingw32/bin/../lib/gcc/nios2-elf/10.3.1/../../../../../H-x86_64-mingw32/nios2-elf/lib/mno-hw-mul\libsmallc.a(lib_a-memset.o)
 .debug_aranges
                0x0000000000000280       0x20 d:/programdata/intelfpga_lite/21.1/nios2eds/bin/gnu/h-x86_64-mingw32/bin/../lib/gcc/nios2-elf/10.3.1/../../../../../H-x86_64-mingw32/nios2-elf/lib/mno-hw-mul\libsmallc.a(lib_a-strlen.o)
 .debug_aranges
                0x00000000000002a0       0x20 e:/data/project/block_breaker/software/bb_core_bsp/\libhal_bsp.a(alt_load.o)
 .debug_aranges
                0x00000000000002c0       0x20 e:/data/project/block_breaker/software/bb_core_bsp/\libhal_bsp.a(alt_main.o)
 .debug_aranges
                0x00000000000002e0       0x20 e:/data/project/block_breaker/software/bb_core_bsp/\libhal_bsp.a(alt_printf.o)
 .debug_aranges
                0x0000000000000300       0x20 e:/data/project/block_breaker/software/bb_core_bsp/\libhal_bsp.a(alt_putchar.o)
 .debug_aranges
                0x0000000000000320       0x20 e:/data/project/block_breaker/software/bb_core_bsp/\libhal_bsp.a(alt_usleep.o)
 .debug_aranges
                0x0000000000000340       0x20 e:/data/project/block_breaker/software/bb_core_bsp/\libhal_bsp.a(alt_sys_init.o)
 .debug_aranges
                0x0000000000000360       0x20 e:/data/project/block_breaker/software/bb_core_bsp/\libhal_bsp.a(altera_avalon_jtag_uart_write.o)
 .debug_aranges
                0x0000000000000380       0x20 e:/data/project/block_breaker/software/bb_core_bsp/\libhal_bsp.a(alt_busy_sleep.o)
 .debug_aranges
                0x00000000000003a0       0x20 e:/data/project/block_breaker/software/bb_core_bsp/\libhal_bsp.a(alt_dcache_flush_all.o)
 .debug_aranges
                0x00000000000003c0       0x20 e:/data/project/block_breaker/software/bb_core_bsp/\libhal_bsp.a(alt_icache_flush_all.o)
 .debug_aranges
                0x00000000000003e0       0x20 e:/data/project/block_breaker/software/bb_core_bsp/\libhal_bsp.a(altera_nios2_gen2_irq.o)
 .debug_aranges
                0x0000000000000400       0x20 d:/programdata/intelfpga_lite/21.1/nios2eds/bin/gnu/h-x86_64-mingw32/bin/../lib/gcc/nios2-elf/10.3.1/../../../../../H-x86_64-mingw32/nios2-elf/lib/mno-hw-mul\libsmallc.a(lib_a-memcpy.o)

.debug_pubnames
 *(.debug_pubnames)

.debug_info     0x0000000000000000     0x49ef
 *(.debug_info .gnu.linkonce.wi.*)
 .debug_info    0x0000000000000000       0x22 e:/data/project/block_breaker/software/bb_core_bsp//obj/HAL/src/crt0.o
 .debug_info    0x0000000000000022       0xd8 obj/default/src/chrono/chrono.o
 .debug_info    0x00000000000000fa     0x11b0 obj/default/src/core_game/core_game.o
 .debug_info    0x00000000000012aa      0x855 obj/default/src/core_io/core_io.o
 .debug_info    0x0000000000001aff       0xc9 obj/default/src/logging/logging.o
 .debug_info    0x0000000000001bc8       0xf4 obj/default/src/main.o
 .debug_info    0x0000000000001cbc      0x11a d:/programdata/intelfpga_lite/21.1/nios2eds/bin/gnu/h-x86_64-mingw32/bin/../lib/gcc/nios2-elf/10.3.1/mno-hw-mul\libgcc.a(_fixunssfsi.o)
 .debug_info    0x0000000000001dd6      0x368 d:/programdata/intelfpga_lite/21.1/nios2eds/bin/gnu/h-x86_64-mingw32/bin/../lib/gcc/nios2-elf/10.3.1/mno-hw-mul\libgcc.a(lib2-divmod.o)
 .debug_info    0x000000000000213e       0xcb d:/programdata/intelfpga_lite/21.1/nios2eds/bin/gnu/h-x86_64-mingw32/bin/../lib/gcc/nios2-elf/10.3.1/mno-hw-mul\libgcc.a(lib2-mul.o)
 .debug_info    0x0000000000002209      0x35b d:/programdata/intelfpga_lite/21.1/nios2eds/bin/gnu/h-x86_64-mingw32/bin/../lib/gcc/nios2-elf/10.3.1/mno-hw-mul\libgcc.a(addsf3.o)
 .debug_info    0x0000000000002564      0x376 d:/programdata/intelfpga_lite/21.1/nios2eds/bin/gnu/h-x86_64-mingw32/bin/../lib/gcc/nios2-elf/10.3.1/mno-hw-mul\libgcc.a(divsf3.o)
 .debug_info    0x00000000000028da      0x23e d:/programdata/intelfpga_lite/21.1/nios2eds/bin/gnu/h-x86_64-mingw32/bin/../lib/gcc/nios2-elf/10.3.1/mno-hw-mul\libgcc.a(gesf2.o)
 .debug_info    0x0000000000002b18      0x23e d:/programdata/intelfpga_lite/21.1/nios2eds/bin/gnu/h-x86_64-mingw32/bin/../lib/gcc/nios2-elf/10.3.1/mno-hw-mul\libgcc.a(lesf2.o)
 .debug_info    0x0000000000002d56      0x424 d:/programdata/intelfpga_lite/21.1/nios2eds/bin/gnu/h-x86_64-mingw32/bin/../lib/gcc/nios2-elf/10.3.1/mno-hw-mul\libgcc.a(mulsf3.o)
 .debug_info    0x000000000000317a      0x363 d:/programdata/intelfpga_lite/21.1/nios2eds/bin/gnu/h-x86_64-mingw32/bin/../lib/gcc/nios2-elf/10.3.1/mno-hw-mul\libgcc.a(subsf3.o)
 .debug_info    0x00000000000034dd      0x1cd d:/programdata/intelfpga_lite/21.1/nios2eds/bin/gnu/h-x86_64-mingw32/bin/../lib/gcc/nios2-elf/10.3.1/mno-hw-mul\libgcc.a(fixsfsi.o)
 .debug_info    0x00000000000036aa      0x24f d:/programdata/intelfpga_lite/21.1/nios2eds/bin/gnu/h-x86_64-mingw32/bin/../lib/gcc/nios2-elf/10.3.1/mno-hw-mul\libgcc.a(floatsisf.o)
 .debug_info    0x00000000000038f9      0x133 d:/programdata/intelfpga_lite/21.1/nios2eds/bin/gnu/h-x86_64-mingw32/bin/../lib/gcc/nios2-elf/10.3.1/mno-hw-mul\libgcc.a(_clzsi2.o)
 .debug_info    0x0000000000003a2c       0xc2 d:/programdata/intelfpga_lite/21.1/nios2eds/bin/gnu/h-x86_64-mingw32/bin/../lib/gcc/nios2-elf/10.3.1/mno-hw-mul\libgcc.a(_clz.o)
 .debug_info    0x0000000000003aee       0xe7 d:/programdata/intelfpga_lite/21.1/nios2eds/bin/gnu/h-x86_64-mingw32/bin/../lib/gcc/nios2-elf/10.3.1/../../../../../H-x86_64-mingw32/nios2-elf/lib/mno-hw-mul\libsmallc.a(lib_a-memset.o)
 .debug_info    0x0000000000003bd5       0xd0 d:/programdata/intelfpga_lite/21.1/nios2eds/bin/gnu/h-x86_64-mingw32/bin/../lib/gcc/nios2-elf/10.3.1/../../../../../H-x86_64-mingw32/nios2-elf/lib/mno-hw-mul\libsmallc.a(lib_a-strlen.o)
 .debug_info    0x0000000000003ca5      0x267 e:/data/project/block_breaker/software/bb_core_bsp/\libhal_bsp.a(alt_load.o)
 .debug_info    0x0000000000003f0c      0x129 e:/data/project/block_breaker/software/bb_core_bsp/\libhal_bsp.a(alt_main.o)
 .debug_info    0x0000000000004035      0x170 e:/data/project/block_breaker/software/bb_core_bsp/\libhal_bsp.a(alt_printf.o)
 .debug_info    0x00000000000041a5      0x122 e:/data/project/block_breaker/software/bb_core_bsp/\libhal_bsp.a(alt_putchar.o)
 .debug_info    0x00000000000042c7       0xdd e:/data/project/block_breaker/software/bb_core_bsp/\libhal_bsp.a(alt_usleep.o)
 .debug_info    0x00000000000043a4      0x12a e:/data/project/block_breaker/software/bb_core_bsp/\libhal_bsp.a(alt_sys_init.o)
 .debug_info    0x00000000000044ce      0x14a e:/data/project/block_breaker/software/bb_core_bsp/\libhal_bsp.a(altera_avalon_jtag_uart_write.o)
 .debug_info    0x0000000000004618      0x10b e:/data/project/block_breaker/software/bb_core_bsp/\libhal_bsp.a(alt_busy_sleep.o)
 .debug_info    0x0000000000004723       0x8c e:/data/project/block_breaker/software/bb_core_bsp/\libhal_bsp.a(alt_dcache_flush_all.o)
 .debug_info    0x00000000000047af       0x8c e:/data/project/block_breaker/software/bb_core_bsp/\libhal_bsp.a(alt_icache_flush_all.o)
 .debug_info    0x000000000000483b       0x8c e:/data/project/block_breaker/software/bb_core_bsp/\libhal_bsp.a(altera_nios2_gen2_irq.o)
 .debug_info    0x00000000000048c7      0x128 d:/programdata/intelfpga_lite/21.1/nios2eds/bin/gnu/h-x86_64-mingw32/bin/../lib/gcc/nios2-elf/10.3.1/../../../../../H-x86_64-mingw32/nios2-elf/lib/mno-hw-mul\libsmallc.a(lib_a-memcpy.o)

.debug_abbrev   0x0000000000000000     0x1f80
 *(.debug_abbrev)
 .debug_abbrev  0x0000000000000000       0x12 e:/data/project/block_breaker/software/bb_core_bsp//obj/HAL/src/crt0.o
 .debug_abbrev  0x0000000000000012       0xa2 obj/default/src/chrono/chrono.o
 .debug_abbrev  0x00000000000000b4      0x3a4 obj/default/src/core_game/core_game.o
 .debug_abbrev  0x0000000000000458      0x26f obj/default/src/core_io/core_io.o
 .debug_abbrev  0x00000000000006c7       0x85 obj/default/src/logging/logging.o
 .debug_abbrev  0x000000000000074c       0x7d obj/default/src/main.o
 .debug_abbrev  0x00000000000007c9       0x83 d:/programdata/intelfpga_lite/21.1/nios2eds/bin/gnu/h-x86_64-mingw32/bin/../lib/gcc/nios2-elf/10.3.1/mno-hw-mul\libgcc.a(_fixunssfsi.o)
 .debug_abbrev  0x000000000000084c      0x103 d:/programdata/intelfpga_lite/21.1/nios2eds/bin/gnu/h-x86_64-mingw32/bin/../lib/gcc/nios2-elf/10.3.1/mno-hw-mul\libgcc.a(lib2-divmod.o)
 .debug_abbrev  0x000000000000094f       0x7d d:/programdata/intelfpga_lite/21.1/nios2eds/bin/gnu/h-x86_64-mingw32/bin/../lib/gcc/nios2-elf/10.3.1/mno-hw-mul\libgcc.a(lib2-mul.o)
 .debug_abbrev  0x00000000000009cc      0x166 d:/programdata/intelfpga_lite/21.1/nios2eds/bin/gnu/h-x86_64-mingw32/bin/../lib/gcc/nios2-elf/10.3.1/mno-hw-mul\libgcc.a(addsf3.o)
 .debug_abbrev  0x0000000000000b32      0x146 d:/programdata/intelfpga_lite/21.1/nios2eds/bin/gnu/h-x86_64-mingw32/bin/../lib/gcc/nios2-elf/10.3.1/mno-hw-mul\libgcc.a(divsf3.o)
 .debug_abbrev  0x0000000000000c78      0x156 d:/programdata/intelfpga_lite/21.1/nios2eds/bin/gnu/h-x86_64-mingw32/bin/../lib/gcc/nios2-elf/10.3.1/mno-hw-mul\libgcc.a(gesf2.o)
 .debug_abbrev  0x0000000000000dce      0x156 d:/programdata/intelfpga_lite/21.1/nios2eds/bin/gnu/h-x86_64-mingw32/bin/../lib/gcc/nios2-elf/10.3.1/mno-hw-mul\libgcc.a(lesf2.o)
 .debug_abbrev  0x0000000000000f24      0x14a d:/programdata/intelfpga_lite/21.1/nios2eds/bin/gnu/h-x86_64-mingw32/bin/../lib/gcc/nios2-elf/10.3.1/mno-hw-mul\libgcc.a(mulsf3.o)
 .debug_abbrev  0x000000000000106e      0x166 d:/programdata/intelfpga_lite/21.1/nios2eds/bin/gnu/h-x86_64-mingw32/bin/../lib/gcc/nios2-elf/10.3.1/mno-hw-mul\libgcc.a(subsf3.o)
 .debug_abbrev  0x00000000000011d4      0x142 d:/programdata/intelfpga_lite/21.1/nios2eds/bin/gnu/h-x86_64-mingw32/bin/../lib/gcc/nios2-elf/10.3.1/mno-hw-mul\libgcc.a(fixsfsi.o)
 .debug_abbrev  0x0000000000001316      0x173 d:/programdata/intelfpga_lite/21.1/nios2eds/bin/gnu/h-x86_64-mingw32/bin/../lib/gcc/nios2-elf/10.3.1/mno-hw-mul\libgcc.a(floatsisf.o)
 .debug_abbrev  0x0000000000001489       0xbf d:/programdata/intelfpga_lite/21.1/nios2eds/bin/gnu/h-x86_64-mingw32/bin/../lib/gcc/nios2-elf/10.3.1/mno-hw-mul\libgcc.a(_clzsi2.o)
 .debug_abbrev  0x0000000000001548       0x70 d:/programdata/intelfpga_lite/21.1/nios2eds/bin/gnu/h-x86_64-mingw32/bin/../lib/gcc/nios2-elf/10.3.1/mno-hw-mul\libgcc.a(_clz.o)
 .debug_abbrev  0x00000000000015b8       0x9e d:/programdata/intelfpga_lite/21.1/nios2eds/bin/gnu/h-x86_64-mingw32/bin/../lib/gcc/nios2-elf/10.3.1/../../../../../H-x86_64-mingw32/nios2-elf/lib/mno-hw-mul\libsmallc.a(lib_a-memset.o)
 .debug_abbrev  0x0000000000001656       0x8d d:/programdata/intelfpga_lite/21.1/nios2eds/bin/gnu/h-x86_64-mingw32/bin/../lib/gcc/nios2-elf/10.3.1/../../../../../H-x86_64-mingw32/nios2-elf/lib/mno-hw-mul\libsmallc.a(lib_a-strlen.o)
 .debug_abbrev  0x00000000000016e3      0x125 e:/data/project/block_breaker/software/bb_core_bsp/\libhal_bsp.a(alt_load.o)
 .debug_abbrev  0x0000000000001808       0xba e:/data/project/block_breaker/software/bb_core_bsp/\libhal_bsp.a(alt_main.o)
 .debug_abbrev  0x00000000000018c2      0x10a e:/data/project/block_breaker/software/bb_core_bsp/\libhal_bsp.a(alt_printf.o)
 .debug_abbrev  0x00000000000019cc       0xe1 e:/data/project/block_breaker/software/bb_core_bsp/\libhal_bsp.a(alt_putchar.o)
 .debug_abbrev  0x0000000000001aad       0x98 e:/data/project/block_breaker/software/bb_core_bsp/\libhal_bsp.a(alt_usleep.o)
 .debug_abbrev  0x0000000000001b45      0x10b e:/data/project/block_breaker/software/bb_core_bsp/\libhal_bsp.a(alt_sys_init.o)
 .debug_abbrev  0x0000000000001c50       0xea e:/data/project/block_breaker/software/bb_core_bsp/\libhal_bsp.a(altera_avalon_jtag_uart_write.o)
 .debug_abbrev  0x0000000000001d3a       0xbc e:/data/project/block_breaker/software/bb_core_bsp/\libhal_bsp.a(alt_busy_sleep.o)
 .debug_abbrev  0x0000000000001df6       0x44 e:/data/project/block_breaker/software/bb_core_bsp/\libhal_bsp.a(alt_dcache_flush_all.o)
 .debug_abbrev  0x0000000000001e3a       0x44 e:/data/project/block_breaker/software/bb_core_bsp/\libhal_bsp.a(alt_icache_flush_all.o)
 .debug_abbrev  0x0000000000001e7e       0x44 e:/data/project/block_breaker/software/bb_core_bsp/\libhal_bsp.a(altera_nios2_gen2_irq.o)
 .debug_abbrev  0x0000000000001ec2       0xbe d:/programdata/intelfpga_lite/21.1/nios2eds/bin/gnu/h-x86_64-mingw32/bin/../lib/gcc/nios2-elf/10.3.1/../../../../../H-x86_64-mingw32/nios2-elf/lib/mno-hw-mul\libsmallc.a(lib_a-memcpy.o)

.debug_line     0x0000000000000000     0x3eec
 *(.debug_line)
 .debug_line    0x0000000000000000       0x66 e:/data/project/block_breaker/software/bb_core_bsp//obj/HAL/src/crt0.o
 .debug_line    0x0000000000000066      0x10d obj/default/src/chrono/chrono.o
 .debug_line    0x0000000000000173      0x72e obj/default/src/core_game/core_game.o
 .debug_line    0x00000000000008a1      0x558 obj/default/src/core_io/core_io.o
 .debug_line    0x0000000000000df9       0xb4 obj/default/src/logging/logging.o
 .debug_line    0x0000000000000ead       0x96 obj/default/src/main.o
 .debug_line    0x0000000000000f43       0x99 d:/programdata/intelfpga_lite/21.1/nios2eds/bin/gnu/h-x86_64-mingw32/bin/../lib/gcc/nios2-elf/10.3.1/mno-hw-mul\libgcc.a(_fixunssfsi.o)
 .debug_line    0x0000000000000fdc      0x306 d:/programdata/intelfpga_lite/21.1/nios2eds/bin/gnu/h-x86_64-mingw32/bin/../lib/gcc/nios2-elf/10.3.1/mno-hw-mul\libgcc.a(lib2-divmod.o)
 .debug_line    0x00000000000012e2       0xb7 d:/programdata/intelfpga_lite/21.1/nios2eds/bin/gnu/h-x86_64-mingw32/bin/../lib/gcc/nios2-elf/10.3.1/mno-hw-mul\libgcc.a(lib2-mul.o)
 .debug_line    0x0000000000001399      0x623 d:/programdata/intelfpga_lite/21.1/nios2eds/bin/gnu/h-x86_64-mingw32/bin/../lib/gcc/nios2-elf/10.3.1/mno-hw-mul\libgcc.a(addsf3.o)
 .debug_line    0x00000000000019bc      0x50d d:/programdata/intelfpga_lite/21.1/nios2eds/bin/gnu/h-x86_64-mingw32/bin/../lib/gcc/nios2-elf/10.3.1/mno-hw-mul\libgcc.a(divsf3.o)
 .debug_line    0x0000000000001ec9      0x146 d:/programdata/intelfpga_lite/21.1/nios2eds/bin/gnu/h-x86_64-mingw32/bin/../lib/gcc/nios2-elf/10.3.1/mno-hw-mul\libgcc.a(gesf2.o)
 .debug_line    0x000000000000200f      0x146 d:/programdata/intelfpga_lite/21.1/nios2eds/bin/gnu/h-x86_64-mingw32/bin/../lib/gcc/nios2-elf/10.3.1/mno-hw-mul\libgcc.a(lesf2.o)
 .debug_line    0x0000000000002155      0x546 d:/programdata/intelfpga_lite/21.1/nios2eds/bin/gnu/h-x86_64-mingw32/bin/../lib/gcc/nios2-elf/10.3.1/mno-hw-mul\libgcc.a(mulsf3.o)
 .debug_line    0x000000000000269b      0x687 d:/programdata/intelfpga_lite/21.1/nios2eds/bin/gnu/h-x86_64-mingw32/bin/../lib/gcc/nios2-elf/10.3.1/mno-hw-mul\libgcc.a(subsf3.o)
 .debug_line    0x0000000000002d22      0x11d d:/programdata/intelfpga_lite/21.1/nios2eds/bin/gnu/h-x86_64-mingw32/bin/../lib/gcc/nios2-elf/10.3.1/mno-hw-mul\libgcc.a(fixsfsi.o)
 .debug_line    0x0000000000002e3f      0x218 d:/programdata/intelfpga_lite/21.1/nios2eds/bin/gnu/h-x86_64-mingw32/bin/../lib/gcc/nios2-elf/10.3.1/mno-hw-mul\libgcc.a(floatsisf.o)
 .debug_line    0x0000000000003057       0xaa d:/programdata/intelfpga_lite/21.1/nios2eds/bin/gnu/h-x86_64-mingw32/bin/../lib/gcc/nios2-elf/10.3.1/mno-hw-mul\libgcc.a(_clzsi2.o)
 .debug_line    0x0000000000003101       0x59 d:/programdata/intelfpga_lite/21.1/nios2eds/bin/gnu/h-x86_64-mingw32/bin/../lib/gcc/nios2-elf/10.3.1/mno-hw-mul\libgcc.a(_clz.o)
 .debug_line    0x000000000000315a      0x188 d:/programdata/intelfpga_lite/21.1/nios2eds/bin/gnu/h-x86_64-mingw32/bin/../lib/gcc/nios2-elf/10.3.1/../../../../../H-x86_64-mingw32/nios2-elf/lib/mno-hw-mul\libsmallc.a(lib_a-memset.o)
 .debug_line    0x00000000000032e2      0x17d d:/programdata/intelfpga_lite/21.1/nios2eds/bin/gnu/h-x86_64-mingw32/bin/../lib/gcc/nios2-elf/10.3.1/../../../../../H-x86_64-mingw32/nios2-elf/lib/mno-hw-mul\libsmallc.a(lib_a-strlen.o)
 .debug_line    0x000000000000345f      0x101 e:/data/project/block_breaker/software/bb_core_bsp/\libhal_bsp.a(alt_load.o)
 .debug_line    0x0000000000003560       0xe0 e:/data/project/block_breaker/software/bb_core_bsp/\libhal_bsp.a(alt_main.o)
 .debug_line    0x0000000000003640      0x1f2 e:/data/project/block_breaker/software/bb_core_bsp/\libhal_bsp.a(alt_printf.o)
 .debug_line    0x0000000000003832       0x7d e:/data/project/block_breaker/software/bb_core_bsp/\libhal_bsp.a(alt_putchar.o)
 .debug_line    0x00000000000038af       0xf0 e:/data/project/block_breaker/software/bb_core_bsp/\libhal_bsp.a(alt_usleep.o)
 .debug_line    0x000000000000399f       0xe0 e:/data/project/block_breaker/software/bb_core_bsp/\libhal_bsp.a(alt_sys_init.o)
 .debug_line    0x0000000000003a7f       0xd6 e:/data/project/block_breaker/software/bb_core_bsp/\libhal_bsp.a(altera_avalon_jtag_uart_write.o)
 .debug_line    0x0000000000003b55      0x10c e:/data/project/block_breaker/software/bb_core_bsp/\libhal_bsp.a(alt_busy_sleep.o)
 .debug_line    0x0000000000003c61       0x53 e:/data/project/block_breaker/software/bb_core_bsp/\libhal_bsp.a(alt_dcache_flush_all.o)
 .debug_line    0x0000000000003cb4       0x51 e:/data/project/block_breaker/software/bb_core_bsp/\libhal_bsp.a(alt_icache_flush_all.o)
 .debug_line    0x0000000000003d05       0x5a e:/data/project/block_breaker/software/bb_core_bsp/\libhal_bsp.a(altera_nios2_gen2_irq.o)
 .debug_line    0x0000000000003d5f      0x18d d:/programdata/intelfpga_lite/21.1/nios2eds/bin/gnu/h-x86_64-mingw32/bin/../lib/gcc/nios2-elf/10.3.1/../../../../../H-x86_64-mingw32/nios2-elf/lib/mno-hw-mul\libsmallc.a(lib_a-memcpy.o)

.debug_frame    0x0000000000000000      0x8c8
 *(.debug_frame)
 .debug_frame   0x0000000000000000       0x2c obj/default/src/chrono/chrono.o
 .debug_frame   0x000000000000002c      0x1ac obj/default/src/core_game/core_game.o
 .debug_frame   0x00000000000001d8      0x1d4 obj/default/src/core_io/core_io.o
 .debug_frame   0x00000000000003ac       0x30 obj/default/src/logging/logging.o
 .debug_frame   0x00000000000003dc       0x28 obj/default/src/main.o
 .debug_frame   0x0000000000000404       0x3c d:/programdata/intelfpga_lite/21.1/nios2eds/bin/gnu/h-x86_64-mingw32/bin/../lib/gcc/nios2-elf/10.3.1/mno-hw-mul\libgcc.a(_fixunssfsi.o)
 .debug_frame   0x0000000000000440       0x50 d:/programdata/intelfpga_lite/21.1/nios2eds/bin/gnu/h-x86_64-mingw32/bin/../lib/gcc/nios2-elf/10.3.1/mno-hw-mul\libgcc.a(lib2-divmod.o)
 .debug_frame   0x0000000000000490       0x20 d:/programdata/intelfpga_lite/21.1/nios2eds/bin/gnu/h-x86_64-mingw32/bin/../lib/gcc/nios2-elf/10.3.1/mno-hw-mul\libgcc.a(lib2-mul.o)
 .debug_frame   0x00000000000004b0       0x3c d:/programdata/intelfpga_lite/21.1/nios2eds/bin/gnu/h-x86_64-mingw32/bin/../lib/gcc/nios2-elf/10.3.1/mno-hw-mul\libgcc.a(addsf3.o)
 .debug_frame   0x00000000000004ec       0x54 d:/programdata/intelfpga_lite/21.1/nios2eds/bin/gnu/h-x86_64-mingw32/bin/../lib/gcc/nios2-elf/10.3.1/mno-hw-mul\libgcc.a(divsf3.o)
 .debug_frame   0x0000000000000540       0x20 d:/programdata/intelfpga_lite/21.1/nios2eds/bin/gnu/h-x86_64-mingw32/bin/../lib/gcc/nios2-elf/10.3.1/mno-hw-mul\libgcc.a(gesf2.o)
 .debug_frame   0x0000000000000560       0x20 d:/programdata/intelfpga_lite/21.1/nios2eds/bin/gnu/h-x86_64-mingw32/bin/../lib/gcc/nios2-elf/10.3.1/mno-hw-mul\libgcc.a(lesf2.o)
 .debug_frame   0x0000000000000580       0x58 d:/programdata/intelfpga_lite/21.1/nios2eds/bin/gnu/h-x86_64-mingw32/bin/../lib/gcc/nios2-elf/10.3.1/mno-hw-mul\libgcc.a(mulsf3.o)
 .debug_frame   0x00000000000005d8       0x3c d:/programdata/intelfpga_lite/21.1/nios2eds/bin/gnu/h-x86_64-mingw32/bin/../lib/gcc/nios2-elf/10.3.1/mno-hw-mul\libgcc.a(subsf3.o)
 .debug_frame   0x0000000000000614       0x20 d:/programdata/intelfpga_lite/21.1/nios2eds/bin/gnu/h-x86_64-mingw32/bin/../lib/gcc/nios2-elf/10.3.1/mno-hw-mul\libgcc.a(fixsfsi.o)
 .debug_frame   0x0000000000000634       0x38 d:/programdata/intelfpga_lite/21.1/nios2eds/bin/gnu/h-x86_64-mingw32/bin/../lib/gcc/nios2-elf/10.3.1/mno-hw-mul\libgcc.a(floatsisf.o)
 .debug_frame   0x000000000000066c       0x20 d:/programdata/intelfpga_lite/21.1/nios2eds/bin/gnu/h-x86_64-mingw32/bin/../lib/gcc/nios2-elf/10.3.1/mno-hw-mul\libgcc.a(_clzsi2.o)
 .debug_frame   0x000000000000068c       0x20 d:/programdata/intelfpga_lite/21.1/nios2eds/bin/gnu/h-x86_64-mingw32/bin/../lib/gcc/nios2-elf/10.3.1/../../../../../H-x86_64-mingw32/nios2-elf/lib/mno-hw-mul\libsmallc.a(lib_a-memset.o)
 .debug_frame   0x00000000000006ac       0x20 d:/programdata/intelfpga_lite/21.1/nios2eds/bin/gnu/h-x86_64-mingw32/bin/../lib/gcc/nios2-elf/10.3.1/../../../../../H-x86_64-mingw32/nios2-elf/lib/mno-hw-mul\libsmallc.a(lib_a-strlen.o)
 .debug_frame   0x00000000000006cc       0x2c e:/data/project/block_breaker/software/bb_core_bsp/\libhal_bsp.a(alt_load.o)
 .debug_frame   0x00000000000006f8       0x2c e:/data/project/block_breaker/software/bb_core_bsp/\libhal_bsp.a(alt_main.o)
 .debug_frame   0x0000000000000724       0x44 e:/data/project/block_breaker/software/bb_core_bsp/\libhal_bsp.a(alt_printf.o)
 .debug_frame   0x0000000000000768       0x30 e:/data/project/block_breaker/software/bb_core_bsp/\libhal_bsp.a(alt_putchar.o)
 .debug_frame   0x0000000000000798       0x20 e:/data/project/block_breaker/software/bb_core_bsp/\libhal_bsp.a(alt_usleep.o)
 .debug_frame   0x00000000000007b8       0x3c e:/data/project/block_breaker/software/bb_core_bsp/\libhal_bsp.a(alt_sys_init.o)
 .debug_frame   0x00000000000007f4       0x20 e:/data/project/block_breaker/software/bb_core_bsp/\libhal_bsp.a(altera_avalon_jtag_uart_write.o)
 .debug_frame   0x0000000000000814       0x34 e:/data/project/block_breaker/software/bb_core_bsp/\libhal_bsp.a(alt_busy_sleep.o)
 .debug_frame   0x0000000000000848       0x20 e:/data/project/block_breaker/software/bb_core_bsp/\libhal_bsp.a(alt_dcache_flush_all.o)
 .debug_frame   0x0000000000000868       0x20 e:/data/project/block_breaker/software/bb_core_bsp/\libhal_bsp.a(alt_icache_flush_all.o)
 .debug_frame   0x0000000000000888       0x20 e:/data/project/block_breaker/software/bb_core_bsp/\libhal_bsp.a(altera_nios2_gen2_irq.o)
 .debug_frame   0x00000000000008a8       0x20 d:/programdata/intelfpga_lite/21.1/nios2eds/bin/gnu/h-x86_64-mingw32/bin/../lib/gcc/nios2-elf/10.3.1/../../../../../H-x86_64-mingw32/nios2-elf/lib/mno-hw-mul\libsmallc.a(lib_a-memcpy.o)

.debug_str      0x0000000000000000     0x120f
 *(.debug_str)
 .debug_str     0x0000000000000000       0x51 e:/data/project/block_breaker/software/bb_core_bsp//obj/HAL/src/crt0.o
 .debug_str     0x0000000000000051      0x116 obj/default/src/chrono/chrono.o
                                        0x14f (size before relaxing)
 .debug_str     0x0000000000000167      0x345 obj/default/src/core_game/core_game.o
                                        0x489 (size before relaxing)
 .debug_str     0x00000000000004ac      0x114 obj/default/src/core_io/core_io.o
                                        0x342 (size before relaxing)
 .debug_str     0x00000000000005c0       0x32 obj/default/src/logging/logging.o
                                         0xc2 (size before relaxing)
 .debug_str     0x00000000000005f2        0xb obj/default/src/main.o
                                        0x12d (size before relaxing)
 .debug_str     0x00000000000005fd      0x176 d:/programdata/intelfpga_lite/21.1/nios2eds/bin/gnu/h-x86_64-mingw32/bin/../lib/gcc/nios2-elf/10.3.1/mno-hw-mul\libgcc.a(_fixunssfsi.o)
                                        0x219 (size before relaxing)
 .debug_str     0x0000000000000773       0x65 d:/programdata/intelfpga_lite/21.1/nios2eds/bin/gnu/h-x86_64-mingw32/bin/../lib/gcc/nios2-elf/10.3.1/mno-hw-mul\libgcc.a(lib2-divmod.o)
                                        0x1e0 (size before relaxing)
 .debug_str     0x00000000000007d8       0x3a d:/programdata/intelfpga_lite/21.1/nios2eds/bin/gnu/h-x86_64-mingw32/bin/../lib/gcc/nios2-elf/10.3.1/mno-hw-mul\libgcc.a(lib2-mul.o)
                                        0x1a1 (size before relaxing)
 .debug_str     0x0000000000000812      0x153 d:/programdata/intelfpga_lite/21.1/nios2eds/bin/gnu/h-x86_64-mingw32/bin/../lib/gcc/nios2-elf/10.3.1/mno-hw-mul\libgcc.a(addsf3.o)
                                        0x2ee (size before relaxing)
 .debug_str     0x0000000000000965      0x127 d:/programdata/intelfpga_lite/21.1/nios2eds/bin/gnu/h-x86_64-mingw32/bin/../lib/gcc/nios2-elf/10.3.1/mno-hw-mul\libgcc.a(divsf3.o)
                                        0x313 (size before relaxing)
 .debug_str     0x0000000000000a8c       0x67 d:/programdata/intelfpga_lite/21.1/nios2eds/bin/gnu/h-x86_64-mingw32/bin/../lib/gcc/nios2-elf/10.3.1/mno-hw-mul\libgcc.a(gesf2.o)
                                        0x236 (size before relaxing)
 .debug_str     0x0000000000000af3       0x32 d:/programdata/intelfpga_lite/21.1/nios2eds/bin/gnu/h-x86_64-mingw32/bin/../lib/gcc/nios2-elf/10.3.1/mno-hw-mul\libgcc.a(lesf2.o)
                                        0x236 (size before relaxing)
 .debug_str     0x0000000000000b25       0x95 d:/programdata/intelfpga_lite/21.1/nios2eds/bin/gnu/h-x86_64-mingw32/bin/../lib/gcc/nios2-elf/10.3.1/mno-hw-mul\libgcc.a(mulsf3.o)
                                        0x31c (size before relaxing)
 .debug_str     0x0000000000000bba       0x33 d:/programdata/intelfpga_lite/21.1/nios2eds/bin/gnu/h-x86_64-mingw32/bin/../lib/gcc/nios2-elf/10.3.1/mno-hw-mul\libgcc.a(subsf3.o)
                                        0x2ee (size before relaxing)
 .debug_str     0x0000000000000bed       0x47 d:/programdata/intelfpga_lite/21.1/nios2eds/bin/gnu/h-x86_64-mingw32/bin/../lib/gcc/nios2-elf/10.3.1/mno-hw-mul\libgcc.a(fixsfsi.o)
                                        0x227 (size before relaxing)
 .debug_str     0x0000000000000c34       0x63 d:/programdata/intelfpga_lite/21.1/nios2eds/bin/gnu/h-x86_64-mingw32/bin/../lib/gcc/nios2-elf/10.3.1/mno-hw-mul\libgcc.a(floatsisf.o)
                                        0x2b9 (size before relaxing)
 .debug_str     0x0000000000000c97       0x17 d:/programdata/intelfpga_lite/21.1/nios2eds/bin/gnu/h-x86_64-mingw32/bin/../lib/gcc/nios2-elf/10.3.1/mno-hw-mul\libgcc.a(_clzsi2.o)
                                        0x20a (size before relaxing)
 .debug_str     0x0000000000000cae      0x1ed d:/programdata/intelfpga_lite/21.1/nios2eds/bin/gnu/h-x86_64-mingw32/bin/../lib/gcc/nios2-elf/10.3.1/mno-hw-mul\libgcc.a(_clz.o)
 .debug_str     0x0000000000000cae      0x13a d:/programdata/intelfpga_lite/21.1/nios2eds/bin/gnu/h-x86_64-mingw32/bin/../lib/gcc/nios2-elf/10.3.1/../../../../../H-x86_64-mingw32/nios2-elf/lib/mno-hw-mul\libsmallc.a(lib_a-memset.o)
                                        0x1d6 (size before relaxing)
 .debug_str     0x0000000000000de8       0x3f d:/programdata/intelfpga_lite/21.1/nios2eds/bin/gnu/h-x86_64-mingw32/bin/../lib/gcc/nios2-elf/10.3.1/../../../../../H-x86_64-mingw32/nios2-elf/lib/mno-hw-mul\libsmallc.a(lib_a-strlen.o)
                                        0x1dc (size before relaxing)
 .debug_str     0x0000000000000e27      0x124 e:/data/project/block_breaker/software/bb_core_bsp/\libhal_bsp.a(alt_load.o)
                                        0x24e (size before relaxing)
 .debug_str     0x0000000000000f4b       0x5e e:/data/project/block_breaker/software/bb_core_bsp/\libhal_bsp.a(alt_main.o)
                                        0x17e (size before relaxing)
 .debug_str     0x0000000000000fa9       0x59 e:/data/project/block_breaker/software/bb_core_bsp/\libhal_bsp.a(alt_printf.o)
                                        0x109 (size before relaxing)
 .debug_str     0x0000000000001002       0x60 e:/data/project/block_breaker/software/bb_core_bsp/\libhal_bsp.a(alt_putchar.o)
                                        0x187 (size before relaxing)
 .debug_str     0x0000000000001062       0x31 e:/data/project/block_breaker/software/bb_core_bsp/\libhal_bsp.a(alt_usleep.o)
                                        0x15e (size before relaxing)
 .debug_str     0x0000000000001093       0x66 e:/data/project/block_breaker/software/bb_core_bsp/\libhal_bsp.a(alt_sys_init.o)
                                        0x1cc (size before relaxing)
 .debug_str     0x00000000000010f9       0x32 e:/data/project/block_breaker/software/bb_core_bsp/\libhal_bsp.a(altera_avalon_jtag_uart_write.o)
                                        0x1bb (size before relaxing)
 .debug_str     0x000000000000112b       0x33 e:/data/project/block_breaker/software/bb_core_bsp/\libhal_bsp.a(alt_busy_sleep.o)
                                        0x178 (size before relaxing)
 .debug_str     0x000000000000115e       0x1f e:/data/project/block_breaker/software/bb_core_bsp/\libhal_bsp.a(alt_dcache_flush_all.o)
                                        0x14f (size before relaxing)
 .debug_str     0x000000000000117d       0x1f e:/data/project/block_breaker/software/bb_core_bsp/\libhal_bsp.a(alt_icache_flush_all.o)
                                        0x14f (size before relaxing)
 .debug_str     0x000000000000119c       0x20 e:/data/project/block_breaker/software/bb_core_bsp/\libhal_bsp.a(altera_nios2_gen2_irq.o)
                                        0x156 (size before relaxing)
 .debug_str     0x00000000000011bc       0x53 d:/programdata/intelfpga_lite/21.1/nios2eds/bin/gnu/h-x86_64-mingw32/bin/../lib/gcc/nios2-elf/10.3.1/../../../../../H-x86_64-mingw32/nios2-elf/lib/mno-hw-mul\libsmallc.a(lib_a-memcpy.o)
                                        0x1ea (size before relaxing)

.debug_loc      0x0000000000000000     0x4e92
 *(.debug_loc)
 .debug_loc     0x0000000000000000       0x25 obj/default/src/chrono/chrono.o
 .debug_loc     0x0000000000000025      0x4b5 obj/default/src/core_game/core_game.o
 .debug_loc     0x00000000000004da      0x975 obj/default/src/core_io/core_io.o
 .debug_loc     0x0000000000000e4f       0x64 obj/default/src/logging/logging.o
 .debug_loc     0x0000000000000eb3       0x27 d:/programdata/intelfpga_lite/21.1/nios2eds/bin/gnu/h-x86_64-mingw32/bin/../lib/gcc/nios2-elf/10.3.1/mno-hw-mul\libgcc.a(_fixunssfsi.o)
 .debug_loc     0x0000000000000eda      0x5d0 d:/programdata/intelfpga_lite/21.1/nios2eds/bin/gnu/h-x86_64-mingw32/bin/../lib/gcc/nios2-elf/10.3.1/mno-hw-mul\libgcc.a(lib2-divmod.o)
 .debug_loc     0x00000000000014aa       0xa7 d:/programdata/intelfpga_lite/21.1/nios2eds/bin/gnu/h-x86_64-mingw32/bin/../lib/gcc/nios2-elf/10.3.1/mno-hw-mul\libgcc.a(lib2-mul.o)
 .debug_loc     0x0000000000001551      0xfb5 d:/programdata/intelfpga_lite/21.1/nios2eds/bin/gnu/h-x86_64-mingw32/bin/../lib/gcc/nios2-elf/10.3.1/mno-hw-mul\libgcc.a(addsf3.o)
 .debug_loc     0x0000000000002506      0x7a9 d:/programdata/intelfpga_lite/21.1/nios2eds/bin/gnu/h-x86_64-mingw32/bin/../lib/gcc/nios2-elf/10.3.1/mno-hw-mul\libgcc.a(divsf3.o)
 .debug_loc     0x0000000000002caf      0x17e d:/programdata/intelfpga_lite/21.1/nios2eds/bin/gnu/h-x86_64-mingw32/bin/../lib/gcc/nios2-elf/10.3.1/mno-hw-mul\libgcc.a(gesf2.o)
 .debug_loc     0x0000000000002e2d      0x17e d:/programdata/intelfpga_lite/21.1/nios2eds/bin/gnu/h-x86_64-mingw32/bin/../lib/gcc/nios2-elf/10.3.1/mno-hw-mul\libgcc.a(lesf2.o)
 .debug_loc     0x0000000000002fab      0x96f d:/programdata/intelfpga_lite/21.1/nios2eds/bin/gnu/h-x86_64-mingw32/bin/../lib/gcc/nios2-elf/10.3.1/mno-hw-mul\libgcc.a(mulsf3.o)
 .debug_loc     0x000000000000391a      0xa77 d:/programdata/intelfpga_lite/21.1/nios2eds/bin/gnu/h-x86_64-mingw32/bin/../lib/gcc/nios2-elf/10.3.1/mno-hw-mul\libgcc.a(subsf3.o)
 .debug_loc     0x0000000000004391      0x136 d:/programdata/intelfpga_lite/21.1/nios2eds/bin/gnu/h-x86_64-mingw32/bin/../lib/gcc/nios2-elf/10.3.1/mno-hw-mul\libgcc.a(fixsfsi.o)
 .debug_loc     0x00000000000044c7      0x250 d:/programdata/intelfpga_lite/21.1/nios2eds/bin/gnu/h-x86_64-mingw32/bin/../lib/gcc/nios2-elf/10.3.1/mno-hw-mul\libgcc.a(floatsisf.o)
 .debug_loc     0x0000000000004717       0xbe d:/programdata/intelfpga_lite/21.1/nios2eds/bin/gnu/h-x86_64-mingw32/bin/../lib/gcc/nios2-elf/10.3.1/mno-hw-mul\libgcc.a(_clzsi2.o)
 .debug_loc     0x00000000000047d5       0xac d:/programdata/intelfpga_lite/21.1/nios2eds/bin/gnu/h-x86_64-mingw32/bin/../lib/gcc/nios2-elf/10.3.1/../../../../../H-x86_64-mingw32/nios2-elf/lib/mno-hw-mul\libsmallc.a(lib_a-memset.o)
 .debug_loc     0x0000000000004881       0x44 d:/programdata/intelfpga_lite/21.1/nios2eds/bin/gnu/h-x86_64-mingw32/bin/../lib/gcc/nios2-elf/10.3.1/../../../../../H-x86_64-mingw32/nios2-elf/lib/mno-hw-mul\libsmallc.a(lib_a-strlen.o)
 .debug_loc     0x00000000000048c5      0x23c e:/data/project/block_breaker/software/bb_core_bsp/\libhal_bsp.a(alt_printf.o)
 .debug_loc     0x0000000000004b01       0x32 e:/data/project/block_breaker/software/bb_core_bsp/\libhal_bsp.a(alt_putchar.o)
 .debug_loc     0x0000000000004b33       0x25 e:/data/project/block_breaker/software/bb_core_bsp/\libhal_bsp.a(alt_usleep.o)
 .debug_loc     0x0000000000004b58       0x25 e:/data/project/block_breaker/software/bb_core_bsp/\libhal_bsp.a(alt_sys_init.o)
 .debug_loc     0x0000000000004b7d       0x93 e:/data/project/block_breaker/software/bb_core_bsp/\libhal_bsp.a(altera_avalon_jtag_uart_write.o)
 .debug_loc     0x0000000000004c10      0x158 e:/data/project/block_breaker/software/bb_core_bsp/\libhal_bsp.a(alt_busy_sleep.o)
 .debug_loc     0x0000000000004d68      0x12a d:/programdata/intelfpga_lite/21.1/nios2eds/bin/gnu/h-x86_64-mingw32/bin/../lib/gcc/nios2-elf/10.3.1/../../../../../H-x86_64-mingw32/nios2-elf/lib/mno-hw-mul\libsmallc.a(lib_a-memcpy.o)

.debug_macinfo
 *(.debug_macinfo)

.debug_weaknames
 *(.debug_weaknames)

.debug_funcnames
 *(.debug_funcnames)

.debug_typenames
 *(.debug_typenames)

.debug_varnames
 *(.debug_varnames)

.debug_alt_sim_info
                0x0000000000000000       0x40
 *(.debug_alt_sim_info)
 .debug_alt_sim_info
                0x0000000000000000       0x10 e:/data/project/block_breaker/software/bb_core_bsp//obj/HAL/src/crt0.o
 .debug_alt_sim_info
                0x0000000000000010       0x30 e:/data/project/block_breaker/software/bb_core_bsp/\libhal_bsp.a(alt_busy_sleep.o)
                0x0000000000018000                __alt_data_end = 0x18000
                0x0000000000018000                PROVIDE (__alt_stack_pointer = __alt_data_end)
                [!provide]                        PROVIDE (__alt_stack_limit = __alt_stack_base)
                [!provide]                        PROVIDE (__alt_heap_start = end)
                [!provide]                        PROVIDE (__alt_heap_limit = 0x18000)
OUTPUT(bb_core.elf elf32-littlenios2)
LOAD linker stubs

.debug_ranges   0x0000000000000000      0xa90
 .debug_ranges  0x0000000000000000       0x20 e:/data/project/block_breaker/software/bb_core_bsp//obj/HAL/src/crt0.o
 .debug_ranges  0x0000000000000020       0xe0 obj/default/src/core_game/core_game.o
 .debug_ranges  0x0000000000000100       0x78 obj/default/src/core_io/core_io.o
 .debug_ranges  0x0000000000000178       0x10 obj/default/src/main.o
 .debug_ranges  0x0000000000000188       0x70 d:/programdata/intelfpga_lite/21.1/nios2eds/bin/gnu/h-x86_64-mingw32/bin/../lib/gcc/nios2-elf/10.3.1/mno-hw-mul\libgcc.a(lib2-divmod.o)
 .debug_ranges  0x00000000000001f8      0x208 d:/programdata/intelfpga_lite/21.1/nios2eds/bin/gnu/h-x86_64-mingw32/bin/../lib/gcc/nios2-elf/10.3.1/mno-hw-mul\libgcc.a(addsf3.o)
 .debug_ranges  0x0000000000000400       0xe0 d:/programdata/intelfpga_lite/21.1/nios2eds/bin/gnu/h-x86_64-mingw32/bin/../lib/gcc/nios2-elf/10.3.1/mno-hw-mul\libgcc.a(divsf3.o)
 .debug_ranges  0x00000000000004e0       0x68 d:/programdata/intelfpga_lite/21.1/nios2eds/bin/gnu/h-x86_64-mingw32/bin/../lib/gcc/nios2-elf/10.3.1/mno-hw-mul\libgcc.a(gesf2.o)
 .debug_ranges  0x0000000000000548       0x70 d:/programdata/intelfpga_lite/21.1/nios2eds/bin/gnu/h-x86_64-mingw32/bin/../lib/gcc/nios2-elf/10.3.1/mno-hw-mul\libgcc.a(lesf2.o)
 .debug_ranges  0x00000000000005b8      0x108 d:/programdata/intelfpga_lite/21.1/nios2eds/bin/gnu/h-x86_64-mingw32/bin/../lib/gcc/nios2-elf/10.3.1/mno-hw-mul\libgcc.a(mulsf3.o)
 .debug_ranges  0x00000000000006c0      0x278 d:/programdata/intelfpga_lite/21.1/nios2eds/bin/gnu/h-x86_64-mingw32/bin/../lib/gcc/nios2-elf/10.3.1/mno-hw-mul\libgcc.a(subsf3.o)
 .debug_ranges  0x0000000000000938       0x18 d:/programdata/intelfpga_lite/21.1/nios2eds/bin/gnu/h-x86_64-mingw32/bin/../lib/gcc/nios2-elf/10.3.1/mno-hw-mul\libgcc.a(fixsfsi.o)
 .debug_ranges  0x0000000000000950       0xa0 d:/programdata/intelfpga_lite/21.1/nios2eds/bin/gnu/h-x86_64-mingw32/bin/../lib/gcc/nios2-elf/10.3.1/mno-hw-mul\libgcc.a(floatsisf.o)
 .debug_ranges  0x00000000000009f0       0x20 d:/programdata/intelfpga_lite/21.1/nios2eds/bin/gnu/h-x86_64-mingw32/bin/../lib/gcc/nios2-elf/10.3.1/mno-hw-mul\libgcc.a(_clzsi2.o)
 .debug_ranges  0x0000000000000a10       0x10 d:/programdata/intelfpga_lite/21.1/nios2eds/bin/gnu/h-x86_64-mingw32/bin/../lib/gcc/nios2-elf/10.3.1/../../../../../H-x86_64-mingw32/nios2-elf/lib/mno-hw-mul\libsmallc.a(lib_a-memset.o)
 .debug_ranges  0x0000000000000a20       0x10 d:/programdata/intelfpga_lite/21.1/nios2eds/bin/gnu/h-x86_64-mingw32/bin/../lib/gcc/nios2-elf/10.3.1/../../../../../H-x86_64-mingw32/nios2-elf/lib/mno-hw-mul\libsmallc.a(lib_a-strlen.o)
 .debug_ranges  0x0000000000000a30       0x30 e:/data/project/block_breaker/software/bb_core_bsp/\libhal_bsp.a(alt_load.o)
 .debug_ranges  0x0000000000000a60       0x20 e:/data/project/block_breaker/software/bb_core_bsp/\libhal_bsp.a(alt_printf.o)
 .debug_ranges  0x0000000000000a80       0x10 d:/programdata/intelfpga_lite/21.1/nios2eds/bin/gnu/h-x86_64-mingw32/bin/../lib/gcc/nios2-elf/10.3.1/../../../../../H-x86_64-mingw32/nios2-elf/lib/mno-hw-mul\libsmallc.a(lib_a-memcpy.o)
